 modbus

 Timestamp is 5bc981bc (Fri Oct 19 15:03:24 2018)

 Preferred load address is 10000000

 Start         Length     Name                   Class
 0001:00000000 0007ac40H .text$mn                CODE
 0001:0007ac40 000000abH .text$x                 CODE
 0002:00000000 000001e0H .idata$5                DATA
 0002:000001e0 00000004H .00cfg                  DATA
 0002:000001e4 00000004H .CRT$XCA                DATA
 0002:000001e8 00000004H .CRT$XCZ                DATA
 0002:000001ec 00000004H .CRT$XIA                DATA
 0002:000001f0 0000000cH .CRT$XIC                DATA
 0002:000001fc 00000004H .CRT$XIZ                DATA
 0002:00000200 00000004H .CRT$XPA                DATA
 0002:00000204 00000008H .CRT$XPX                DATA
 0002:0000020c 00000004H .CRT$XPXA               DATA
 0002:00000210 00000004H .CRT$XPZ                DATA
 0002:00000214 00000004H .CRT$XTA                DATA
 0002:00000218 00000008H .CRT$XTZ                DATA
 0002:00000220 0001ca04H .rdata                  DATA
 0002:0001cc24 000002acH .rdata$r                DATA
 0002:0001ced0 00000024H .rdata$sxdata           DATA
 0002:0001cef4 00000378H .rdata$zzzdbg           DATA
 0002:0001d26c 00000004H .rtc$IAA                DATA
 0002:0001d270 00000010H .rtc$IMZ                DATA
 0002:0001d280 00000004H .rtc$IZZ                DATA
 0002:0001d284 00000004H .rtc$TAA                DATA
 0002:0001d288 00000010H .rtc$TMZ                DATA
 0002:0001d298 00000008H .rtc$TZZ                DATA
 0002:0001d2a0 00000ba0H .xdata$x                DATA
 0002:0001de40 000007b0H .edata                  DATA
 0002:0001e5f0 00000028H .idata$2                DATA
 0002:0001e618 00000014H .idata$3                DATA
 0002:0001e62c 000001e0H .idata$4                DATA
 0002:0001e80c 00000730H .idata$6                DATA
 0003:00000000 00001650H .data                   DATA
 0003:00001650 00000110H .data$r                 DATA
 0003:00001760 00001760H .bss                    DATA
 0004:00000000 000000d4H .gfids$x                DATA
 0004:000000d4 0000009cH .gfids$y                DATA
 0005:00000000 000000a0H .rsrc$01                DATA
 0005:000000a0 000003f0H .rsrc$02                DATA

  Address         Publics by Value              Rva+Base       Lib:Object

 0000:00000000       __except_list              00000000     <absolute>
 0000:00000000       ___guard_fids_count        00000000     <absolute>
 0000:00000000       ___guard_longjmp_table     00000000     <absolute>
 0000:00000000       ___guard_fids_table        00000000     <absolute>
 0000:00000000       ___guard_iat_table         00000000     <absolute>
 0000:00000000       ___dynamic_value_reloc_table 00000000     <absolute>
 0000:00000000       ___guard_longjmp_count     00000000     <absolute>
 0000:00000000       ___guard_iat_count         00000000     <absolute>
 0000:00000009       ___safe_se_handler_count   00000009     <absolute>
 0000:00000100       ___guard_flags             00000100     <absolute>
 0000:00000000       ___ImageBase               10000000     <linker-defined>
 0001:00000000       _modbus_set_bits_from_byte 10001000 f   modbus-data.obj
 0001:00000060       _modbus_set_bits_from_bytes 10001060 f   modbus-data.obj
 0001:000000f0       _modbus_get_byte_from_bits 100010f0 f   modbus-data.obj
 0001:00000160       _modbus_get_float          10001160 f   modbus-data.obj
 0001:000001a0       _modbus_get_float_abcd     100011a0 f   modbus-data.obj
 0001:000001e0       _modbus_get_float_dcba     100011e0 f   modbus-data.obj
 0001:00000230       _modbus_get_float_badc     10001230 f   modbus-data.obj
 0001:00000280       _modbus_get_float_cdab     10001280 f   modbus-data.obj
 0001:000002c0       _modbus_set_float          100012c0 f   modbus-data.obj
 0001:00000300       _modbus_set_float_abcd     10001300 f   modbus-data.obj
 0001:00000350       _modbus_set_float_dcba     10001350 f   modbus-data.obj
 0001:000003a0       _modbus_set_float_badc     100013a0 f   modbus-data.obj
 0001:000003f0       _modbus_set_float_cdab     100013f0 f   modbus-data.obj
 0001:00000440       _modbus_new_rtu            10001440 f   modbus-rtu.obj
 0001:000005f0       _modbus_rtu_set_serial_mode 100015f0 f   modbus-rtu.obj
 0001:00000660       _modbus_rtu_get_serial_mode 10001660 f   modbus-rtu.obj
 0001:000006d0       _modbus_rtu_set_rts        100016d0 f   modbus-rtu.obj
 0001:00000740       _modbus_rtu_get_rts        10001740 f   modbus-rtu.obj
 0001:000007b0       _modbus_rtu_set_custom_rts 100017b0 f   modbus-rtu.obj
 0001:00000820       _modbus_rtu_set_rts_delay  10001820 f   modbus-rtu.obj
 0001:00000890       _modbus_rtu_get_rts_delay  10001890 f   modbus-rtu.obj
 0001:00001560       ___local_stdio_printf_options 10002560 f i modbus-rtu.obj
 0001:00001570       __vfprintf_l               10002570 f i modbus-rtu.obj
 0001:000015a0       _fprintf                   100025a0 f i modbus-rtu.obj
 0001:000015e0       _printf                    100025e0 f i modbus-rtu.obj
 0001:00001620       _modbus_new_tcp            10002620 f   modbus-tcp.obj
 0001:00001740       _modbus_tcp_listen         10002740 f   modbus-tcp.obj
 0001:00001890       _modbus_tcp_accept         10002890 f   modbus-tcp.obj
 0001:00001930       _modbus_new_tcp_pi         10002930 f   modbus-tcp.obj
 0001:00001b50       _modbus_tcp_pi_listen      10002b50 f   modbus-tcp.obj
 0001:00001df0       _modbus_tcp_pi_accept      10002df0 f   modbus-tcp.obj
 0001:00002ab0       _gai_strerrorA             10003ab0 f i modbus-tcp.obj
 0001:00002af0       _modbus_set_slave          10003af0 f   modbus.obj
 0001:00002b30       _modbus_set_error_recovery 10003b30 f   modbus.obj
 0001:00002b60       _modbus_set_socket         10003b60 f   modbus.obj
 0001:00002b90       _modbus_get_socket         10003b90 f   modbus.obj
 0001:00002bc0       _modbus_get_response_timeout 10003bc0 f   modbus.obj
 0001:00002c00       _modbus_set_response_timeout 10003c00 f   modbus.obj
 0001:00002c50       _modbus_get_byte_timeout   10003c50 f   modbus.obj
 0001:00002c90       _modbus_set_byte_timeout   10003c90 f   modbus.obj
 0001:00002cd0       _modbus_get_header_length  10003cd0 f   modbus.obj
 0001:00002d00       _modbus_connect            10003d00 f   modbus.obj
 0001:00002d30       _modbus_close              10003d30 f   modbus.obj
 0001:00002d50       _modbus_free               10003d50 f   modbus.obj
 0001:00002d70       _modbus_flush              10003d70 f   modbus.obj
 0001:00002dd0       _modbus_set_debug          10003dd0 f   modbus.obj
 0001:00002e00       _modbus_strerror           10003e00 f   modbus.obj
 0001:00002ef0       _modbus_read_bits          10003ef0 f   modbus.obj
 0001:00002f80       _modbus_read_input_bits    10003f80 f   modbus.obj
 0001:00003010       _modbus_read_registers     10004010 f   modbus.obj
 0001:00003090       _modbus_read_input_registers 10004090 f   modbus.obj
 0001:00003110       _modbus_write_bit          10004110 f   modbus.obj
 0001:00003160       _modbus_write_register     10004160 f   modbus.obj
 0001:000031a0       _modbus_write_bits         100041a0 f   modbus.obj
 0001:000034b0       _modbus_write_registers    100044b0 f   modbus.obj
 0001:00003690       _modbus_mask_write_register 10004690 f   modbus.obj
 0001:000037f0       _modbus_write_and_read_registers 100047f0 f   modbus.obj
 0001:00003b30       _modbus_report_slave_id    10004b30 f   modbus.obj
 0001:00003ca0       _modbus_mapping_new_start_address 10004ca0 f   modbus.obj
 0001:00003ec0       _modbus_mapping_new        10004ec0 f   modbus.obj
 0001:00003ef0       _modbus_mapping_free       10004ef0 f   modbus.obj
 0001:00003f50       _modbus_send_raw_request   10004f50 f   modbus.obj
 0001:00004060       _modbus_receive            10005060 f   modbus.obj
 0001:000040a0       _modbus_receive_confirmation 100050a0 f   modbus.obj
 0001:000040d0       _modbus_reply              100050d0 f   modbus.obj
 0001:000052c0       _modbus_reply_exception    100062c0 f   modbus.obj
 0001:000053f0       __modbus_init_common       100063f0 f   modbus.obj
 0001:00005450       __error_print              10006450 f   modbus.obj
 0001:000054d0       __modbus_receive_msg       100064d0 f   modbus.obj
 0001:00005950       _strlcpy                   10006950 f   modbus.obj
 0001:000067c0       _vfprintf                  100077c0 f i modbus.obj
 0001:000067dc       _htonl@4                   100077dc f   ws2_32:WS2_32.dll
 0001:000067e2       _ntohl@4                   100077e2 f   ws2_32:WS2_32.dll
 0001:000067e8       _accept@12                 100077e8 f   ws2_32:WS2_32.dll
 0001:000067ee       _bind@12                   100077ee f   ws2_32:WS2_32.dll
 0001:000067f4       _closesocket@4             100077f4 f   ws2_32:WS2_32.dll
 0001:000067fa       _connect@12                100077fa f   ws2_32:WS2_32.dll
 0001:00006800       _ioctlsocket@12            10007800 f   ws2_32:WS2_32.dll
 0001:00006806       _getsockopt@20             10007806 f   ws2_32:WS2_32.dll
 0001:0000680c       _htons@4                   1000780c f   ws2_32:WS2_32.dll
 0001:00006812       _inet_addr@4               10007812 f   ws2_32:WS2_32.dll
 0001:00006818       _inet_ntoa@4               10007818 f   ws2_32:WS2_32.dll
 0001:0000681e       _listen@8                  1000781e f   ws2_32:WS2_32.dll
 0001:00006824       _recv@16                   10007824 f   ws2_32:WS2_32.dll
 0001:0000682a       _select@20                 1000782a f   ws2_32:WS2_32.dll
 0001:00006830       _send@16                   10007830 f   ws2_32:WS2_32.dll
 0001:00006836       _setsockopt@20             10007836 f   ws2_32:WS2_32.dll
 0001:0000683c       _shutdown@8                1000783c f   ws2_32:WS2_32.dll
 0001:00006842       _socket@12                 10007842 f   ws2_32:WS2_32.dll
 0001:00006848       _WSAStartup@8              10007848 f   ws2_32:WS2_32.dll
 0001:0000684e       _WSAGetLastError@0         1000784e f   ws2_32:WS2_32.dll
 0001:00006854       _getaddrinfo@16            10007854 f   ws2_32:WS2_32.dll
 0001:0000685a       _freeaddrinfo@4            1000785a f   ws2_32:WS2_32.dll
 0001:00006860       _CreateFileA@28            10007860 f   kernel32:KERNEL32.dll
 0001:00006866       _ReadFile@20               10007866 f   kernel32:KERNEL32.dll
 0001:0000686c       _WriteFile@20              1000786c f   kernel32:KERNEL32.dll
 0001:00006872       _CloseHandle@4             10007872 f   kernel32:KERNEL32.dll
 0001:00006878       _GetLastError@0            10007878 f   kernel32:KERNEL32.dll
 0001:0000687e       _GetCommState@8            1000787e f   kernel32:KERNEL32.dll
 0001:00006884       _PurgeComm@8               10007884 f   kernel32:KERNEL32.dll
 0001:0000688a       _SetCommState@8            1000788a f   kernel32:KERNEL32.dll
 0001:00006890       _SetCommTimeouts@8         10007890 f   kernel32:KERNEL32.dll
 0001:00006896       _FormatMessageA@28         10007896 f   kernel32:KERNEL32.dll
 0001:0000689c       _Sleep@4                   1000789c f   kernel32:KERNEL32.dll
 0001:000068b0       __CRT_RTC_INIT             100078b0 f   LIBCMTD:_init_.obj
 0001:000068c0       __CRT_RTC_INITW            100078c0 f   LIBCMTD:_init_.obj
 0001:000068d0       __RTC_InitBase             100078d0 f   LIBCMTD:_init_.obj
 0001:00006900       __RTC_Shutdown             10007900 f   LIBCMTD:_init_.obj
 0001:00006920       @__security_check_cookie@4 10007920 f   LIBCMTD:_secchk_.obj
 0001:00006940       ??$__vcrt_va_start_verify_argument_type@QBD@@YAXXZ 10007940 f i LIBCMTD:_error_.obj
 0001:00006aa0       ?_RTC_AllocaFailure@@YAXPAXPAU_RTC_ALLOCA_NODE@@H@Z 10007aa0 f   LIBCMTD:_error_.obj
 0001:00006bc0       ?_RTC_Failure@@YAXPAXH@Z   10007bc0 f   LIBCMTD:_error_.obj
 0001:00006c10       ?_RTC_StackFailure@@YAXPAXPBD@Z 10007c10 f   LIBCMTD:_error_.obj
 0001:00006fb0       __RTC_UninitUse            10007fb0 f   LIBCMTD:_error_.obj
 0001:000070a0       __vsprintf_s_l             100080a0 f i LIBCMTD:_error_.obj
 0001:000070d0       _sprintf_s                 100080d0 f i LIBCMTD:_error_.obj
 0001:00007100       ___raise_securityfailure   10008100 f   LIBCMTD:gs_report.obj
 0001:00007130       ___report_gsfailure        10008130 f   LIBCMTD:gs_report.obj
 0001:00007240       ___report_rangecheckfailure 10008240 f   LIBCMTD:gs_report.obj
 0001:00007250       ___report_securityfailure  10008250 f   LIBCMTD:gs_report.obj
 0001:00007330       ___report_securityfailureEx 10008330 f   LIBCMTD:gs_report.obj
 0001:00007900       __CRT_INIT@12              10008900 f   LIBCMTD:dll_dllmain.obj
 0001:00007920       __DllMainCRTStartup@12     10008920 f   LIBCMTD:dll_dllmain.obj
 0001:00007950       ?_RTC_GetErrorFunc@@YAP6AHHPBDH00ZZPBX@Z 10008950 f   LIBCMTD:_userapi_.obj
 0001:00007960       ?_RTC_GetErrorFuncW@@YAP6AHHPB_WH00ZZPBX@Z 10008960 f   LIBCMTD:_userapi_.obj
 0001:00007970       __RTC_GetErrDesc           10008970 f   LIBCMTD:_userapi_.obj
 0001:00007990       __RTC_NumErrors            10008990 f   LIBCMTD:_userapi_.obj
 0001:000079a0       __RTC_SetErrorFunc         100089a0 f   LIBCMTD:_userapi_.obj
 0001:000079c0       __RTC_SetErrorFuncW        100089c0 f   LIBCMTD:_userapi_.obj
 0001:000079e0       __RTC_SetErrorType         100089e0 f   LIBCMTD:_userapi_.obj
 0001:00007ea0       ?_RTC_GetSrcLine@@YAHPAEPA_WKPAH1K@Z 10008ea0 f   LIBCMTD:_pdblkup_.obj
 0001:00008200       @_guard_check_icall@4      10009200 f i LIBCMTD:checkcfg.obj
 0001:00008220       ??$__crt_fast_decode_pointer@PAP6AXXZ@@YAPAP6AXXZQAP6AXXZ@Z 10009220 f i LIBCMTD:utility.obj
 0001:00008250       ??$__crt_fast_encode_pointer@PAP6AXXZ@@YAPAP6AXXZQAP6AXXZ@Z 10009250 f i LIBCMTD:utility.obj
 0001:00008280       ?__crt_rotate_pointer_value@@YAIIH@Z 10009280 f i LIBCMTD:utility.obj
 0001:00008290       ?configure_argv@__scrt_narrow_argv_policy@@SAHXZ 10009290 f i LIBCMTD:utility.obj
 0001:000083b0       _NtCurrentTeb              100093b0 f i LIBCMTD:utility.obj
 0001:000083c0       ___scrt_acquire_startup_lock 100093c0 f   LIBCMTD:utility.obj
 0001:00008410       ___scrt_dllmain_after_initialize_c 10009410 f   LIBCMTD:utility.obj
 0001:00008440       ___scrt_dllmain_before_initialize_c 10009440 f   LIBCMTD:utility.obj
 0001:00008460       ___scrt_dllmain_crt_thread_attach 10009460 f   LIBCMTD:utility.obj
 0001:00008490       ___scrt_dllmain_crt_thread_detach 10009490 f   LIBCMTD:utility.obj
 0001:000084b0       ___scrt_dllmain_exception_filter 100094b0 f   LIBCMTD:utility.obj
 0001:00008500       ___scrt_dllmain_uninitialize_c 10009500 f   LIBCMTD:utility.obj
 0001:00008530       ___scrt_dllmain_uninitialize_critical 10009530 f   LIBCMTD:utility.obj
 0001:00008550       ___scrt_initialize_crt     10009550 f   LIBCMTD:utility.obj
 0001:000085a0       ___scrt_initialize_onexit_tables 100095a0 f   LIBCMTD:utility.obj
 0001:00008670       ___scrt_is_nonwritable_in_current_image 10009670 f   LIBCMTD:utility.obj
 0001:000087a0       ___scrt_release_startup_lock 100097a0 f   LIBCMTD:utility.obj
 0001:000087d0       ___scrt_uninitialize_crt   100097d0 f   LIBCMTD:utility.obj
 0001:00008810       __onexit                   10009810 f   LIBCMTD:utility.obj
 0001:00008880       _at_quick_exit             10009880 f   LIBCMTD:utility.obj
 0001:000088d0       _atexit                    100098d0 f   LIBCMTD:utility.obj
 0001:00008900       ___security_init_cookie    10009900 f   LIBCMTD:gs_support.obj
 0001:000089e0       _DllMain@12                100099e0 f   LIBCMTD:dll_dllmain_stub.obj
 0001:000089f0       ?__scrt_initialize_type_info@@YAXXZ 100099f0 f   LIBCMTD:tncleanup.obj
 0001:00008a00       ?__scrt_uninitialize_type_info@@YAXXZ 10009a00 f   LIBCMTD:tncleanup.obj
 0001:00008a20       ___local_stdio_scanf_options 10009a20 f i LIBCMTD:default_local_stdio_options.obj
 0001:00008a30       ___scrt_initialize_default_local_stdio_options 10009a30 f   LIBCMTD:default_local_stdio_options.obj
 0001:00008a70       ___scrt_get_dyn_tls_init_callback 10009a70 f   LIBCMTD:dyn_tls_init.obj
 0001:00008a80       ___scrt_fastfail           10009a80 f   LIBCMTD:utility_desktop.obj
 0001:00008bc0       ___scrt_get_show_window_mode 10009bc0 f   LIBCMTD:utility_desktop.obj
 0001:00008c00       ___scrt_initialize_winrt   10009c00 f   LIBCMTD:utility_desktop.obj
 0001:00008c10       ___scrt_is_managed_app     10009c10 f   LIBCMTD:utility_desktop.obj
 0001:00008ca0       ___scrt_set_unhandled_exception_filter 10009ca0 f   LIBCMTD:utility_desktop.obj
 0001:00008cb0       ___scrt_unhandled_exception_filter@4 10009cb0 f   LIBCMTD:utility_desktop.obj
 0001:00008d10       __crt_debugger_hook        10009d10 f   LIBCMTD:utility_desktop.obj
 0001:00008d20       __RTC_Initialize           10009d20 f   LIBCMTD:_initsect_.obj
 0001:00008d50       __RTC_Terminate            10009d50 f   LIBCMTD:_initsect_.obj
 0001:00008d80       @_guard_check_icall_nop@4  10009d80 f i LIBCMTD:guard_support.obj
 0001:00008d90       __guard_icall_checks_enforced 10009d90 f i LIBCMTD:guard_support.obj
 0001:00008dc0       ___isa_available_init      10009dc0 f   LIBCMTD:_cpu_disp_.obj
 0001:000090a0       __get_startup_argv_mode    1000a0a0 f   LIBCMTD:argv_mode.obj
 0001:000090b0       ___scrt_is_ucrt_dll_in_use 1000a0b0 f   LIBCMTD:ucrt_detection.obj
 0001:000090e0       _memcpy                    1000a0e0 f   libvcruntimed:memcpy.obj
 0001:00009660       _memset                    1000a660 f   libvcruntimed:memset.obj
 0001:00009820       __except_handler4          1000a820 f   libvcruntimed:_chandler4_.obj
 0001:000099f0       ___vcrt_GetModuleFileNameW 1000a9f0 f   libvcruntimed:winapi_thunks.obj
 0001:00009a10       ___vcrt_GetModuleHandleW   1000aa10 f   libvcruntimed:winapi_thunks.obj
 0001:00009a20       ___vcrt_LoadLibraryExW     1000aa20 f   libvcruntimed:winapi_thunks.obj
 0001:00009a40       ___vcrt_initialize         1000aa40 f   libvcruntimed:initialization.obj
 0001:00009a80       ___vcrt_thread_attach      1000aa80 f   libvcruntimed:initialization.obj
 0001:00009aa0       ___vcrt_thread_detach      1000aaa0 f   libvcruntimed:initialization.obj
 0001:00009ac0       ___vcrt_uninitialize       1000aac0 f   libvcruntimed:initialization.obj
 0001:00009ae0       ___vcrt_uninitialize_critical 1000aae0 f   libvcruntimed:initialization.obj
 0001:00009b20       ??$?RD@__crt_internal_free_policy@@QBEXQBD@Z 1000ab20 f i libvcruntimed:std_type_info.obj
 0001:00009b40       ??$?RX@__crt_internal_free_policy@@QBEXQBX@Z 1000ab40 f i libvcruntimed:std_type_info.obj
 0001:00009b60       ??$__crt_interlocked_compare_exchange_pointer@$$CBD$$T$$T@@YAPBDPDSBD$$T1@Z 1000ab60 f i libvcruntimed:std_type_info.obj
 0001:00009b80       ??$__crt_interlocked_compare_exchange_pointer@$$CBDPAD$$T@@YAPBDPDSBDQAD$$T@Z 1000ab80 f i libvcruntimed:std_type_info.obj
 0001:00009ba0       ??$__crt_interlocked_read_pointer@$$CBD@@YAPBDPDSBD@Z 1000aba0 f i libvcruntimed:std_type_info.obj
 0001:00009bc0       ??0?$__crt_unique_heap_ptr@DU__crt_internal_free_policy@@@@QAE@QAD@Z 1000abc0 f i libvcruntimed:std_type_info.obj
 0001:00009be0       ??0?$__crt_unique_heap_ptr@XU__crt_internal_free_policy@@@@QAE@QAX@Z 1000abe0 f i libvcruntimed:std_type_info.obj
 0001:00009c00       ??1?$__crt_unique_heap_ptr@DU__crt_internal_free_policy@@@@QAE@XZ 1000ac00 f i libvcruntimed:std_type_info.obj
 0001:00009c20       ??1?$__crt_unique_heap_ptr@XU__crt_internal_free_policy@@@@QAE@XZ 1000ac20 f i libvcruntimed:std_type_info.obj
 0001:00009c60       ??B?$__crt_unique_heap_ptr@DU__crt_internal_free_policy@@@@QBE_NXZ 1000ac60 f i libvcruntimed:std_type_info.obj
 0001:00009c80       ??B?$__crt_unique_heap_ptr@XU__crt_internal_free_policy@@@@QBE_NXZ 1000ac80 f i libvcruntimed:std_type_info.obj
 0001:00009cf0       ?detach@?$__crt_unique_heap_ptr@XU__crt_internal_free_policy@@@@QAEPAXXZ 1000acf0 f i libvcruntimed:std_type_info.obj
 0001:00009d20       ?get@?$__crt_unique_heap_ptr@DU__crt_internal_free_policy@@@@QBEPADXZ 1000ad20 f i libvcruntimed:std_type_info.obj
 0001:00009d30       ?get@?$__crt_unique_heap_ptr@XU__crt_internal_free_policy@@@@QBEPAXXZ 1000ad30 f i libvcruntimed:std_type_info.obj
 0001:00009d40       ?is_valid@?$__crt_unique_heap_ptr@DU__crt_internal_free_policy@@@@QBE_NXZ 1000ad40 f i libvcruntimed:std_type_info.obj
 0001:00009d70       ?is_valid@?$__crt_unique_heap_ptr@XU__crt_internal_free_policy@@@@QBE_NXZ 1000ad70 f i libvcruntimed:std_type_info.obj
 0001:00009da0       ?release@?$__crt_unique_heap_ptr@DU__crt_internal_free_policy@@@@QAEXXZ 1000ada0 f i libvcruntimed:std_type_info.obj
 0001:00009dd0       ?release@?$__crt_unique_heap_ptr@XU__crt_internal_free_policy@@@@QAEXXZ 1000add0 f i libvcruntimed:std_type_info.obj
 0001:00009e00       ___std_type_info_compare   1000ae00 f   libvcruntimed:std_type_info.obj
 0001:00009e30       ___std_type_info_destroy_list 1000ae30 f   libvcruntimed:std_type_info.obj
 0001:00009e70       ___std_type_info_hash      1000ae70 f   libvcruntimed:std_type_info.obj
 0001:00009ed0       ___std_type_info_name      1000aed0 f   libvcruntimed:std_type_info.obj
 0001:0000a0b0       __local_unwind4            1000b0b0 f   libvcruntimed:_exsup4_.obj
 0001:0000a186       __seh_longjmp_unwind4@4    1000b186 f   libvcruntimed:_exsup4_.obj
 0001:0000a1ae       @_EH4_CallFilterFunc@8     1000b1ae f   libvcruntimed:_exsup4_.obj
 0001:0000a1c5       @_EH4_TransferToHandler@8  1000b1c5 f   libvcruntimed:_exsup4_.obj
 0001:0000a1de       @_EH4_GlobalUnwind2@8      1000b1de f   libvcruntimed:_exsup4_.obj
 0001:0000a1f7       @_EH4_LocalUnwind@16       1000b1f7 f   libvcruntimed:_exsup4_.obj
 0001:0000a210       ___except_validate_context_record 1000b210 f   libvcruntimed:jbcxrval.obj
 0001:0000a260       ___except_validate_jump_buffer 1000b260 f   libvcruntimed:jbcxrval.obj
 0001:0000a2b0       ??$?RU__vcrt_ptd@@@__crt_internal_free_policy@@QBEXQBU__vcrt_ptd@@@Z 1000b2b0 f i libvcruntimed:per_thread_data.obj
 0001:0000a2d0       ??0?$__crt_unique_heap_ptr@U__vcrt_ptd@@U__crt_internal_free_policy@@@@QAE@QAU__vcrt_ptd@@@Z 1000b2d0 f i libvcruntimed:per_thread_data.obj
 0001:0000a310       ??1?$__crt_unique_heap_ptr@U__vcrt_ptd@@U__crt_internal_free_policy@@@@QAE@XZ 1000b310 f i libvcruntimed:per_thread_data.obj
 0001:0000a350       ??B?$__crt_unique_heap_ptr@U__vcrt_ptd@@U__crt_internal_free_policy@@@@QBE_NXZ 1000b350 f i libvcruntimed:per_thread_data.obj
 0001:0000a370       ?detach@?$__crt_unique_heap_ptr@U__vcrt_ptd@@U__crt_internal_free_policy@@@@QAEPAU__vcrt_ptd@@XZ 1000b370 f i libvcruntimed:per_thread_data.obj
 0001:0000a3a0       ?get@?$__crt_unique_heap_ptr@U__vcrt_ptd@@U__crt_internal_free_policy@@@@QBEPAU__vcrt_ptd@@XZ 1000b3a0 f i libvcruntimed:per_thread_data.obj
 0001:0000a3b0       ?is_valid@?$__crt_unique_heap_ptr@U__vcrt_ptd@@U__crt_internal_free_policy@@@@QBE_NXZ 1000b3b0 f i libvcruntimed:per_thread_data.obj
 0001:0000a3e0       ?release@?$__crt_unique_heap_ptr@U__vcrt_ptd@@U__crt_internal_free_policy@@@@QAEXXZ 1000b3e0 f i libvcruntimed:per_thread_data.obj
 0001:0000a440       ___vcrt_freefls@4          1000b440 f   libvcruntimed:per_thread_data.obj
 0001:0000a470       ___vcrt_freeptd            1000b470 f   libvcruntimed:per_thread_data.obj
 0001:0000a4d0       ___vcrt_getptd             1000b4d0 f   libvcruntimed:per_thread_data.obj
 0001:0000a4f0       ___vcrt_getptd_noexit      1000b4f0 f   libvcruntimed:per_thread_data.obj
 0001:0000a650       ___vcrt_initialize_ptd     1000b650 f   libvcruntimed:per_thread_data.obj
 0001:0000a6a0       ___vcrt_uninitialize_ptd   1000b6a0 f   libvcruntimed:per_thread_data.obj
 0001:0000a6d0       ___vcrt_initialize_locks   1000b6d0 f   libvcruntimed:locks.obj
 0001:0000a730       ___vcrt_lock               1000b730 f   libvcruntimed:locks.obj
 0001:0000a750       ___vcrt_uninitialize_locks 1000b750 f   libvcruntimed:locks.obj
 0001:0000a7a0       ___vcrt_unlock             1000b7a0 f   libvcruntimed:locks.obj
 0001:0000a7c0       ??$?BX@__crt_fast_encoded_nullptr_t@@QBEPAXXZ 1000b7c0 f i libvcruntimed:winapi_downlevel.obj
 0001:0000a7e0       ??$__crt_fast_decode_pointer@PAX@@YAPAXQAX@Z 1000b7e0 f i libvcruntimed:winapi_downlevel.obj
 0001:0000a810       ??$__crt_fast_encode_pointer@PAX@@YAPAXQAX@Z 1000b810 f i libvcruntimed:winapi_downlevel.obj
 0001:0000a840       ??$__crt_interlocked_compare_exchange_pointer@UHINSTANCE__@@$$T$$T@@YAPAUHINSTANCE__@@PDSAU0@$$T1@Z 1000b840 f i libvcruntimed:winapi_downlevel.obj
 0001:0000a860       ??$__crt_interlocked_compare_exchange_pointer@X$$T$$T@@YAPAXPDSAX$$T1@Z 1000b860 f i libvcruntimed:winapi_downlevel.obj
 0001:0000a880       ??$__crt_interlocked_exchange_pointer@UHINSTANCE__@@PAU1@@@YAPAUHINSTANCE__@@PDSAU0@QAU0@@Z 1000b880 f i libvcruntimed:winapi_downlevel.obj
 0001:0000a890       ??$__crt_interlocked_exchange_pointer@UHINSTANCE__@@PAX@@YAPAUHINSTANCE__@@PDSAU0@QAX@Z 1000b890 f i libvcruntimed:winapi_downlevel.obj
 0001:0000a8a0       ??$__crt_interlocked_exchange_pointer@XPAX@@YAPAXPDSAXQAX@Z 1000b8a0 f i libvcruntimed:winapi_downlevel.obj
 0001:0000a8b0       ??$__crt_interlocked_read_pointer@UHINSTANCE__@@@@YAPAUHINSTANCE__@@PDSAU0@@Z 1000b8b0 f i libvcruntimed:winapi_downlevel.obj
 0001:0000a8d0       ??$__crt_interlocked_read_pointer@X@@YAPAXPDSAX@Z 1000b8d0 f i libvcruntimed:winapi_downlevel.obj
 0001:0000a8f0       ?__crt_fast_encode_pointer@@YA?AU__crt_fast_encoded_nullptr_t@@$$T@Z 1000b8f0 f i libvcruntimed:winapi_downlevel.obj
 0001:0000ad40       ___vcrt_EventRegister      1000bd40 f   libvcruntimed:winapi_downlevel.obj
 0001:0000ad80       ___vcrt_EventSetInformation 1000bd80 f   libvcruntimed:winapi_downlevel.obj
 0001:0000add0       ___vcrt_EventUnregister    1000bdd0 f   libvcruntimed:winapi_downlevel.obj
 0001:0000ae10       ___vcrt_EventWriteTransfer 1000be10 f   libvcruntimed:winapi_downlevel.obj
 0001:0000ae60       ___vcrt_FlsAlloc           1000be60 f   libvcruntimed:winapi_downlevel.obj
 0001:0000aea0       ___vcrt_FlsFree            1000bea0 f   libvcruntimed:winapi_downlevel.obj
 0001:0000aee0       ___vcrt_FlsGetValue        1000bee0 f   libvcruntimed:winapi_downlevel.obj
 0001:0000af20       ___vcrt_FlsSetValue        1000bf20 f   libvcruntimed:winapi_downlevel.obj
 0001:0000af70       ___vcrt_InitializeCriticalSectionEx 1000bf70 f   libvcruntimed:winapi_downlevel.obj
 0001:0000afc0       ___vcrt_initialize_winapi_thunks 1000bfc0 f   libvcruntimed:winapi_downlevel.obj
 0001:0000b020       ___vcrt_uninitialize_winapi_thunks 1000c020 f   libvcruntimed:winapi_downlevel.obj
 0001:0000b090       ??$?B$$A6AXXZ@__crt_fast_encoded_nullptr_t@@QBEP6AXXZXZ 1000c090 f i libvcruntimed:purevirt_data.obj
 0001:0000b0b0       ??$__crt_fast_encode_pointer@P6AXXZ@@YAP6AXXZQ6AXXZ@Z 1000c0b0 f i libvcruntimed:purevirt_data.obj
 0001:0000b0e0       ___vcrt_initialize_pure_virtual_call_handler 1000c0e0 f   libvcruntimed:purevirt_data.obj
 0001:0000b110       ??0Block@_HeapManager@@QAE@XZ 1000c110 f i libvcruntimed:undname.obj
 0001:0000b130       ??0DName@@QAE@AAPBDD@Z     1000c130 f   libvcruntimed:undname.obj
 0001:0000b3f0       ??0DName@@QAE@ABV0@@Z      1000c3f0 f i libvcruntimed:undname.obj
 0001:0000b410       ??0DName@@QAE@D@Z          1000c410 f   libvcruntimed:undname.obj
 0001:0000b4f0       ??0DName@@QAE@PAV0@@Z      1000c4f0 f   libvcruntimed:undname.obj
 0001:0000b630       ??0DName@@QAE@PBD@Z        1000c630 f   libvcruntimed:undname.obj
 0001:0000b720       ??0DName@@QAE@W4DNameStatus@@@Z 1000c720 f   libvcruntimed:undname.obj
 0001:0000b840       ??0DName@@QAE@XZ           1000c840 f i libvcruntimed:undname.obj
 0001:0000b900       ??0DName@@QAE@_J@Z         1000c900 f   libvcruntimed:undname.obj
 0001:0000ba80       ??0DName@@QAE@_K@Z         1000ca80 f   libvcruntimed:undname.obj
 0001:0000bbc0       ??0DNameNode@@IAE@XZ       1000cbc0 f   libvcruntimed:undname.obj
 0001:0000bbe0       ??0DNameStatusNode@@AAE@W4DNameStatus@@@Z 1000cbe0 f   libvcruntimed:undname.obj
 0001:0000bc30       ??0Replicator@@QAE@XZ      1000cc30 f i libvcruntimed:undname.obj
 0001:0000bc50       ??0UnDecorator@@QAE@PADPBDHP6APADJ@ZK@Z 1000cc50 f i libvcruntimed:undname.obj
 0001:0000bcf0       ??0charNode@@QAE@D@Z       1000ccf0 f   libvcruntimed:undname.obj
 0001:0000bd20       ??0pDNameNode@@QAE@PAVDName@@@Z 1000cd20 f   libvcruntimed:undname.obj
 0001:0000bd80       ??0pairNode@@QAE@PAVDNameNode@@0@Z 1000cd80 f   libvcruntimed:undname.obj
 0001:0000bdc0       ??0pcharNode@@QAE@PBDH@Z   1000cdc0 f   libvcruntimed:undname.obj
 0001:0000be60       ??2@YAPAXIAAV_HeapManager@@H@Z 1000ce60 f i libvcruntimed:undname.obj
 0001:0000be80       ??4DName@@QAEAAV0@ABV0@@Z  1000ce80 f   libvcruntimed:undname.obj
 0001:0000bea0       ??4DName@@QAEAAV0@D@Z      1000cea0 f i libvcruntimed:undname.obj
 0001:0000bf80       ??4DName@@QAEAAV0@PAV0@@Z  1000cf80 f   libvcruntimed:undname.obj
 0001:0000c0b0       ??4DName@@QAEAAV0@PBD@Z    1000d0b0 f   libvcruntimed:undname.obj
 0001:0000c190       ??4DName@@QAEAAV0@W4DNameStatus@@@Z 1000d190 f   libvcruntimed:undname.obj
 0001:0000c290       ??AReplicator@@QBE?AVDName@@H@Z 1000d290 f   libvcruntimed:undname.obj
 0001:0000c300       ??BUnDecorator@@QAEPADXZ   1000d300 f i libvcruntimed:undname.obj
 0001:0000c5b0       ??H@YA?AVDName@@DABV0@@Z   1000d5b0 f i libvcruntimed:undname.obj
 0001:0000c5e0       ??H@YA?AVDName@@PBDABV0@@Z 1000d5e0 f i libvcruntimed:undname.obj
 0001:0000c610       ??H@YA?AVDName@@W4DNameStatus@@ABV0@@Z 1000d610 f i libvcruntimed:undname.obj
 0001:0000c640       ??HDName@@QBE?AV0@ABV0@@Z  1000d640 f   libvcruntimed:undname.obj
 0001:0000c680       ??HDName@@QBE?AV0@D@Z      1000d680 f   libvcruntimed:undname.obj
 0001:0000c6c0       ??HDName@@QBE?AV0@PAV0@@Z  1000d6c0 f   libvcruntimed:undname.obj
 0001:0000c700       ??HDName@@QBE?AV0@PBD@Z    1000d700 f   libvcruntimed:undname.obj
 0001:0000c740       ??HDName@@QBE?AV0@W4DNameStatus@@@Z 1000d740 f   libvcruntimed:undname.obj
 0001:0000c780       ??YDName@@QAEAAV0@ABV0@@Z  1000d780 f   libvcruntimed:undname.obj
 0001:0000c7f0       ??YDName@@QAEAAV0@D@Z      1000d7f0 f   libvcruntimed:undname.obj
 0001:0000c870       ??YDName@@QAEAAV0@PAV0@@Z  1000d870 f   libvcruntimed:undname.obj
 0001:0000c920       ??YDName@@QAEAAV0@PBD@Z    1000d920 f   libvcruntimed:undname.obj
 0001:0000c9c0       ??YDName@@QAEAAV0@W4DNameStatus@@@Z 1000d9c0 f   libvcruntimed:undname.obj
 0001:0000ca20       ??YReplicator@@QAEAAV0@ABVDName@@@Z 1000da20 f   libvcruntimed:undname.obj
 0001:0000cab0       ??_5DName@@QAEAAV0@ABV0@@Z 1000dab0 f   libvcruntimed:undname.obj
 0001:0000cb10       ?Constructor@_HeapManager@@QAEXP6APAXI@ZP6AXPAX@Z@Z 1000db10 f i libvcruntimed:undname.obj
 0001:0000cb50       ?Destructor@_HeapManager@@QAEXXZ 1000db50 f i libvcruntimed:undname.obj
 0001:0000cbb0       ?UScore@UnDecorator@@SAPBDW4Tokens@@@Z 1000dbb0 f   libvcruntimed:undname.obj
 0001:0000cbe0       ?append@DName@@AAEXPAVDNameNode@@@Z 1000dbe0 f   libvcruntimed:undname.obj
 0001:0000cc70       ?composeDeclaration@UnDecorator@@CA?AVDName@@ABV2@@Z 1000dc70 f i libvcruntimed:undname.obj
 0001:0000e900       ?dbGetString@DName@@QBEPADXZ 1000f900 f   libvcruntimed:undname.obj
 0001:0000e920       ?doAccessSpecifiers@UnDecorator@@SAHXZ 1000f920 f i libvcruntimed:undname.obj
 0001:0000e950       ?doAllocationLanguage@UnDecorator@@SAHXZ 1000f950 f i libvcruntimed:undname.obj
 0001:0000e980       ?doAllocationModel@UnDecorator@@SAHXZ 1000f980 f i libvcruntimed:undname.obj
 0001:0000e9b0       ?doEcsu@UnDecorator@@SAHXZ 1000f9b0 f i libvcruntimed:undname.obj
 0001:0000e9e0       ?doEllipsis@UnDecorator@@SAHXZ 1000f9e0 f i libvcruntimed:undname.obj
 0001:0000ea10       ?doFunctionReturns@UnDecorator@@SAHXZ 1000fa10 f i libvcruntimed:undname.obj
 0001:0000ea40       ?doMSKeywords@UnDecorator@@SAHXZ 1000fa40 f i libvcruntimed:undname.obj
 0001:0000ea70       ?doMemberTypes@UnDecorator@@SAHXZ 1000fa70 f i libvcruntimed:undname.obj
 0001:0000eaa0       ?doNameOnly@UnDecorator@@SAHXZ 1000faa0 f i libvcruntimed:undname.obj
 0001:0000eab0       ?doNoIdentCharCheck@UnDecorator@@SAHXZ 1000fab0 f i libvcruntimed:undname.obj
 0001:0000eac0       ?doPchar@DName@@AAEXPBDH@Z 1000fac0 f   libvcruntimed:undname.obj
 0001:0000ec00       ?doPtr64@UnDecorator@@SAHXZ 1000fc00 f i libvcruntimed:undname.obj
 0001:0000ec30       ?doRestrictionSpec@UnDecorator@@SAHXZ 1000fc30 f i libvcruntimed:undname.obj
 0001:0000ec60       ?doThisTypes@UnDecorator@@SAHXZ 1000fc60 f i libvcruntimed:undname.obj
 0001:0000ec90       ?doThrowTypes@UnDecorator@@SAHXZ 1000fc90 f i libvcruntimed:undname.obj
 0001:0000ecc0       ?doTypeOnly@UnDecorator@@SAHXZ 1000fcc0 f i libvcruntimed:undname.obj
 0001:0000ecd0       ?doUnderScore@UnDecorator@@SAHXZ 1000fcd0 f i libvcruntimed:undname.obj
 0001:0000ed00       ?getArgumentList@UnDecorator@@CA?AVDName@@XZ 1000fd00 f   libvcruntimed:undname.obj
 0001:0000ee50       ?getArgumentTypes@UnDecorator@@CA?AVDName@@XZ 1000fe50 f   libvcruntimed:undname.obj
 0001:0000efb0       ?getArrayType@UnDecorator@@CA?AVDName@@ABV2@@Z 1000ffb0 f i libvcruntimed:undname.obj
 0001:0000f1f0       ?getBasedType@UnDecorator@@CA?AVDName@@XZ 100101f0 f   libvcruntimed:undname.obj
 0001:0000f2b0       ?getBasicDataType@UnDecorator@@CA?AVDName@@ABV2@@Z 100102b0 f   libvcruntimed:undname.obj
 0001:0000f8a0       ?getCallIndex@UnDecorator@@CA?AVDName@@XZ 100108a0 f i libvcruntimed:undname.obj
 0001:0000f8c0       ?getCallingConvention@UnDecorator@@CA?AVDName@@XZ 100108c0 f   libvcruntimed:undname.obj
 0001:0000fa50       ?getDataIndirectType@UnDecorator@@CA?AVDName@@ABV2@PBD0H@Z 10010a50 f   libvcruntimed:undname.obj
 0001:00010210       ?getDataIndirectType@UnDecorator@@CA?AVDName@@XZ 10011210 f i libvcruntimed:undname.obj
 0001:00010250       ?getDataType@UnDecorator@@CA?AVDName@@PAV2@@Z 10011250 f   libvcruntimed:undname.obj
 0001:00010370       ?getDecoratedName@UnDecorator@@CA?AVDName@@XZ 10011370 f   libvcruntimed:undname.obj
 0001:00010690       ?getDimension@UnDecorator@@CA?AVDName@@_N@Z 10011690 f   libvcruntimed:undname.obj
 0001:00010940       ?getDispatchTarget@UnDecorator@@CA?AVDName@@XZ 10011940 f   libvcruntimed:undname.obj
 0001:000109e0       ?getDisplacement@UnDecorator@@CA?AVDName@@XZ 100119e0 f i libvcruntimed:undname.obj
 0001:00010a00       ?getECSUDataType@UnDecorator@@CA?AVDName@@XZ 10011a00 f   libvcruntimed:undname.obj
 0001:00010bd0       ?getECSUName@UnDecorator@@CA?AVDName@@XZ 10011bd0 f i libvcruntimed:undname.obj
 0001:00010bf0       ?getEnumType@UnDecorator@@CA?AVDName@@XZ 10011bf0 f i libvcruntimed:undname.obj
 0001:00010d40       ?getExtendedDataIndirectType@UnDecorator@@CA?AVDName@@AAPBDAA_NH@Z 10011d40 f   libvcruntimed:undname.obj
 0001:00010f90       ?getExternalDataType@UnDecorator@@CA?AVDName@@ABV2@@Z 10011f90 f i libvcruntimed:undname.obj
 0001:00011020       ?getFunctionIndirectType@UnDecorator@@CA?AVDName@@ABV2@@Z 10012020 f   libvcruntimed:undname.obj
 0001:000114b0       ?getGuardNumber@UnDecorator@@CA?AVDName@@XZ 100124b0 f i libvcruntimed:undname.obj
 0001:000114d0       ?getLastChar@DName@@QBEDXZ 100124d0 f i libvcruntimed:undname.obj
 0001:00011510       ?getLastChar@DNameStatusNode@@UBEDXZ 10012510 f i libvcruntimed:undname.obj
 0001:00011540       ?getLastChar@charNode@@UBEDXZ 10012540 f i libvcruntimed:undname.obj
 0001:00011560       ?getLastChar@pDNameNode@@UBEDXZ 10012560 f i libvcruntimed:undname.obj
 0001:00011590       ?getLastChar@pairNode@@UBEDXZ 10012590 f i libvcruntimed:undname.obj
 0001:00011600       ?getLastChar@pcharNode@@UBEDXZ 10012600 f i libvcruntimed:undname.obj
 0001:00011640       ?getLexicalFrame@UnDecorator@@CA?AVDName@@XZ 10012640 f i libvcruntimed:undname.obj
 0001:00011680       ?getMemory@_HeapManager@@QAEPAXIH@Z 10012680 f   libvcruntimed:undname.obj
 0001:000117a0       ?getNumberOfDimensions@UnDecorator@@CAHXZ 100127a0 f   libvcruntimed:undname.obj
 0001:000118a0       ?getOperatorName@UnDecorator@@CA?AVDName@@_NPA_N@Z 100128a0 f i libvcruntimed:undname.obj
 0001:000122d0       ?getPointerType@UnDecorator@@CA?AVDName@@ABV2@0@Z 100132d0 f i libvcruntimed:undname.obj
 0001:00012300       ?getPointerTypeArray@UnDecorator@@CA?AVDName@@ABV2@0@Z 10013300 f i libvcruntimed:undname.obj
 0001:00012330       ?getPrimaryDataType@UnDecorator@@CA?AVDName@@ABV2@@Z 10013330 f   libvcruntimed:undname.obj
 0001:00012730       ?getPtrRefDataType@UnDecorator@@CA?AVDName@@ABV2@H@Z 10013730 f   libvcruntimed:undname.obj
 0001:000128d0       ?getPtrRefType@UnDecorator@@CA?AVDName@@ABV2@0PBD@Z 100138d0 f   libvcruntimed:undname.obj
 0001:00012a40       ?getReferenceType@UnDecorator@@CA?AVDName@@ABV2@0PBD@Z 10013a40 f i libvcruntimed:undname.obj
 0001:00012a60       ?getRestrictionSpec@UnDecorator@@CA?AVDName@@XZ 10013a60 f   libvcruntimed:undname.obj
 0001:00012bb0       ?getReturnType@UnDecorator@@CA?AVDName@@PAV2@@Z 10013bb0 f   libvcruntimed:undname.obj
 0001:00012c00       ?getScope@UnDecorator@@CA?AVDName@@XZ 10013c00 f   libvcruntimed:undname.obj
 0001:000130f0       ?getScopedName@UnDecorator@@CA?AVDName@@XZ 100140f0 f   libvcruntimed:undname.obj
 0001:00013210       ?getSignedDimension@UnDecorator@@CA?AVDName@@XZ 10014210 f   libvcruntimed:undname.obj
 0001:00013290       ?getStorageConvention@UnDecorator@@CA?AVDName@@XZ 10014290 f i libvcruntimed:undname.obj
 0001:000132b0       ?getString@DName@@QBEPADPAD0@Z 100142b0 f i libvcruntimed:undname.obj
 0001:00013300       ?getString@DName@@QBEPADPADH@Z 10014300 f i libvcruntimed:undname.obj
 0001:00013390       ?getString@DNameStatusNode@@UBEPADPAD0@Z 10014390 f i libvcruntimed:undname.obj
 0001:000133d0       ?getString@charNode@@UBEPADPAD0@Z 100143d0 f i libvcruntimed:undname.obj
 0001:00013400       ?getString@pDNameNode@@UBEPADPAD0@Z 10014400 f i libvcruntimed:undname.obj
 0001:00013440       ?getString@pairNode@@UBEPADPAD0@Z 10014440 f i libvcruntimed:undname.obj
 0001:000134c0       ?getString@pcharNode@@UBEPADPAD0@Z 100144c0 f i libvcruntimed:undname.obj
 0001:000134f0       ?getStringEncoding@UnDecorator@@CA?AVDName@@PADH@Z 100144f0 f   libvcruntimed:undname.obj
 0001:00013600       ?getStringHelper@@YAPADPAD00H@Z 10014600 f i libvcruntimed:undname.obj
 0001:00013640       ?getSymbolName@UnDecorator@@CA?AVDName@@XZ 10014640 f i libvcruntimed:undname.obj
 0001:000136d0       ?getTemplateArgumentList@UnDecorator@@CA?AVDName@@XZ 100146d0 f   libvcruntimed:undname.obj
 0001:00013ac0       ?getTemplateConstant@UnDecorator@@CA?AVDName@@XZ 10014ac0 f   libvcruntimed:undname.obj
 0001:00014070       ?getTemplateName@UnDecorator@@CA?AVDName@@_N@Z 10015070 f   libvcruntimed:undname.obj
 0001:00014240       ?getThisType@UnDecorator@@CA?AVDName@@XZ 10015240 f i libvcruntimed:undname.obj
 0001:00014280       ?getThrowTypes@UnDecorator@@CA?AVDName@@XZ 10015280 f   libvcruntimed:undname.obj
 0001:00014330       ?getTypeEncoding@UnDecorator@@CAHXZ 10015330 f i libvcruntimed:undname.obj
 0001:00014d70       ?getVCallThunkType@UnDecorator@@CA?AVDName@@XZ 10015d70 f i libvcruntimed:undname.obj
 0001:00014dd0       ?getVbTableType@UnDecorator@@CA?AVDName@@ABV2@@Z 10015dd0 f i libvcruntimed:undname.obj
 0001:00014df0       ?getVdispMapType@UnDecorator@@CA?AVDName@@ABV2@@Z 10015df0 f i libvcruntimed:undname.obj
 0001:00014e60       ?getVfTableType@UnDecorator@@CA?AVDName@@ABV2@@Z 10015e60 f i libvcruntimed:undname.obj
 0001:00015020       ?getZName@UnDecorator@@CA?AVDName@@_N0@Z 10016020 f   libvcruntimed:undname.obj
 0001:000152f0       ?haveTemplateParameters@UnDecorator@@SAHXZ 100162f0 f i libvcruntimed:undname.obj
 0001:00015300       ?isArray@DName@@QBEHXZ     10016300 f i libvcruntimed:undname.obj
 0001:00015320       ?isComArray@DName@@QBEHXZ  10016320 f i libvcruntimed:undname.obj
 0001:00015340       ?isEmpty@DName@@QBEHXZ     10016340 f i libvcruntimed:undname.obj
 0001:00015370       ?isFull@Replicator@@QBEHXZ 10016370 f i libvcruntimed:undname.obj
 0001:000153a0       ?isNoTE@DName@@QBEHXZ      100163a0 f i libvcruntimed:undname.obj
 0001:000153c0       ?isPinPtr@DName@@QBEHXZ    100163c0 f i libvcruntimed:undname.obj
 0001:000153e0       ?isPtrRef@DName@@QBEHXZ    100163e0 f i libvcruntimed:undname.obj
 0001:00015400       ?isUDC@DName@@QBEHXZ       10016400 f i libvcruntimed:undname.obj
 0001:00015440       ?isUDTThunk@DName@@QBEHXZ  10016440 f i libvcruntimed:undname.obj
 0001:00015480       ?isVCallThunk@DName@@QBEHXZ 10016480 f i libvcruntimed:undname.obj
 0001:000154a0       ?isValid@DName@@QBEHXZ     100164a0 f i libvcruntimed:undname.obj
 0001:000154e0       ?length@DName@@QBEHXZ      100164e0 f i libvcruntimed:undname.obj
 0001:00015520       ?length@DNameStatusNode@@UBEHXZ 10016520 f i libvcruntimed:undname.obj
 0001:00015540       ?length@charNode@@UBEHXZ   10016540 f i libvcruntimed:undname.obj
 0001:00015550       ?length@pDNameNode@@UBEHXZ 10016550 f i libvcruntimed:undname.obj
 0001:00015580       ?length@pairNode@@UBEHXZ   10016580 f i libvcruntimed:undname.obj
 0001:000155f0       ?length@pcharNode@@UBEHXZ  100165f0 f i libvcruntimed:undname.obj
 0001:00015610       ?make@DNameStatusNode@@SAPAV1@W4DNameStatus@@@Z 10016610 f i libvcruntimed:undname.obj
 0001:00015690       ?setIsArray@DName@@QAEXXZ  10016690 f i libvcruntimed:undname.obj
 0001:000156b0       ?setIsComArray@DName@@QAEXXZ 100166b0 f i libvcruntimed:undname.obj
 0001:000156d0       ?setIsNoTE@DName@@QAEXXZ   100166d0 f i libvcruntimed:undname.obj
 0001:000156f0       ?setIsPinPtr@DName@@QAEXXZ 100166f0 f i libvcruntimed:undname.obj
 0001:00015710       ?setIsUDC@DName@@QAEXXZ    10016710 f i libvcruntimed:undname.obj
 0001:00015740       ?setIsVCallThunk@DName@@QAEXXZ 10016740 f i libvcruntimed:undname.obj
 0001:00015760       ?setPtrRef@DName@@QAEAAV1@XZ 10016760 f i libvcruntimed:undname.obj
 0001:00015780       ?status@DName@@QBE?AW4DNameStatus@@XZ 10016780 f i libvcruntimed:undname.obj
 0001:00015880       ___unDName                 10016880 f   libvcruntimed:undname.obj
 0001:00015950       ___unDNameEx               10016950 f   libvcruntimed:undname.obj
 0001:00015a20       __global_unwind2           10016a20 f   libvcruntimed:_exsup_.obj
 0001:00015a85       __local_unwind2            10016a85 f   libvcruntimed:_exsup_.obj
 0001:00015b09       __abnormal_termination     10016b09 f   libvcruntimed:_exsup_.obj
 0001:00015b2c       __NLG_Notify1              10016b2c f   libvcruntimed:_exsup_.obj
 0001:00015b35       __NLG_Notify               10016b35 f   libvcruntimed:_exsup_.obj
 0001:00015b4c       __NLG_Dispatch             10016b4c     libvcruntimed:_exsup_.obj
 0001:00015b4c       __NLG_Dispatch2            10016b4c     libvcruntimed:_exsup_.obj
 0001:00015b54       __NLG_Call                 10016b54 f   libvcruntimed:_exsup_.obj
 0001:00015b56       __NLG_Return2              10016b56     libvcruntimed:_exsup_.obj
 0001:00015b60       ??$__crt_fast_decode_pointer@P6AXXZ@@YAP6AXXZQ6AXXZ@Z 10016b60 f i libvcruntimed:purevirt.obj
 0001:00015b90       ??$__crt_interlocked_compare_exchange_pointer@$$A6AXXZ$$T$$T@@YAP6AXXZPDS6AXXZ$$T1@Z 10016b90 f i libvcruntimed:purevirt.obj
 0001:00015bb0       ??$__crt_interlocked_exchange_pointer@$$A6AXXZP6AXXZ@@YAP6AXXZPDS6AXXZQ6AXXZ@Z 10016bb0 f i libvcruntimed:purevirt.obj
 0001:00015bc0       ??$__crt_interlocked_read_pointer@$$A6AXXZ@@YAP6AXXZPDS6AXXZ@Z 10016bc0 f i libvcruntimed:purevirt.obj
 0001:00015be0       __get_purecall_handler     10016be0 f   libvcruntimed:purevirt.obj
 0001:00015c00       __purecall                 10016c00 f   libvcruntimed:purevirt.obj
 0001:00015c30       __set_purecall_handler     10016c30 f   libvcruntimed:purevirt.obj
 0001:00015c60       ??$__crt_interlocked_read@J@@YAJPDJ@Z 10016c60 f i libucrtd:assert.obj
 0001:00015c80       ??$__vcrt_va_start_verify_argument_type@QB_W@@YAXXZ 10016c80 f i libucrtd:assert.obj
 0001:00017710       ??$ftprintf@PAU_iobuf@@PBDABQBDABQBDABI@?$__crt_char_traits@D@@SAH$$QAPAU_iobuf@@$$QAPBDABQBD2ABI@Z 10018710 f i libucrtd:assert.obj
 0001:00017740       ??$ftprintf@PAU_iobuf@@PB_WABQB_WABQB_WABI@?$__crt_char_traits@_W@@SAH$$QAPAU_iobuf@@$$QAPB_WABQB_W2ABI@Z 10018740 f i libucrtd:assert.obj
 0001:00017770       ??$get_module_file_name@AAPAUHINSTANCE__@@AAY0BAF@DK@?$__crt_char_traits@D@@SAKAAPAUHINSTANCE__@@AAY0BAF@D$$QAK@Z 10018770 f i libucrtd:assert.obj
 0001:00017790       ??$get_module_file_name@AAPAUHINSTANCE__@@AAY0BAF@_WK@?$__crt_char_traits@_W@@SAKAAPAUHINSTANCE__@@AAY0BAF@_W$$QAK@Z 10018790 f i libucrtd:assert.obj
 0001:000177b0       ??$itot_s@ABIQAD$$CBIH@?$__crt_char_traits@D@@SAHABI$$QBQAD$$QBI$$QAH@Z 100187b0 f i libucrtd:assert.obj
 0001:000177e0       ??$itot_s@ABIQA_W$$CBIH@?$__crt_char_traits@_W@@SAHABI$$QBQA_W$$QBI$$QAH@Z 100187e0 f i libucrtd:assert.obj
 0001:00017810       ??$show_message_box@AAY0CEA@DPBDJ@?$__crt_char_traits@D@@SAHAAY0CEA@D$$QAPBD$$QAJ@Z 10018810 f i libucrtd:assert.obj
 0001:00017830       ??$show_message_box@AAY0CEA@_WPB_WJ@?$__crt_char_traits@_W@@SAHAAY0CEA@_W$$QAPB_W$$QAJ@Z 10018830 f i libucrtd:assert.obj
 0001:00017850       ??$tcscat_s@ABQADABIAAPAD@?$__crt_char_traits@D@@SAHABQADABIAAPAD@Z 10018850 f i libucrtd:assert.obj
 0001:00017880       ??$tcscat_s@ABQADABIABQBD@?$__crt_char_traits@D@@SAHABQADABIABQBD@Z 10018880 f i libucrtd:assert.obj
 0001:000178b0       ??$tcscat_s@ABQADABIPBD@?$__crt_char_traits@D@@SAHABQADABI$$QAPBD@Z 100188b0 f i libucrtd:assert.obj
 0001:000178e0       ??$tcscat_s@ABQA_WABIAAPA_W@?$__crt_char_traits@_W@@SAHABQA_WABIAAPA_W@Z 100188e0 f i libucrtd:assert.obj
 0001:00017910       ??$tcscat_s@ABQA_WABIABQB_W@?$__crt_char_traits@_W@@SAHABQA_WABIABQB_W@Z 10018910 f i libucrtd:assert.obj
 0001:00017940       ??$tcscat_s@ABQA_WABIPB_W@?$__crt_char_traits@_W@@SAHABQA_WABI$$QAPB_W@Z 10018940 f i libucrtd:assert.obj
 0001:00017970       ??$tcscpy_s@AAY0BAF@DIPBD@?$__crt_char_traits@D@@SAHAAY0BAF@D$$QAI$$QAPBD@Z 10018970 f i libucrtd:assert.obj
 0001:00017990       ??$tcscpy_s@AAY0BAF@_WIPB_W@?$__crt_char_traits@_W@@SAHAAY0BAF@_W$$QAI$$QAPB_W@Z 10018990 f i libucrtd:assert.obj
 0001:000179b0       ??$tcscpy_s@ABQADABIPBD@?$__crt_char_traits@D@@SAHABQADABI$$QAPBD@Z 100189b0 f i libucrtd:assert.obj
 0001:000179e0       ??$tcscpy_s@ABQA_WABIPB_W@?$__crt_char_traits@_W@@SAHABQA_WABI$$QAPB_W@Z 100189e0 f i libucrtd:assert.obj
 0001:00017a10       ??$tcslen@AAY0BAF@D@?$__crt_char_traits@D@@SAIAAY0BAF@D@Z 10018a10 f i libucrtd:assert.obj
 0001:00017a30       ??$tcslen@AAY0BAF@_W@?$__crt_char_traits@_W@@SAIAAY0BAF@_W@Z 10018a30 f i libucrtd:assert.obj
 0001:00017a50       ??$tcslen@ABQAD@?$__crt_char_traits@D@@SAIABQAD@Z 10018a50 f i libucrtd:assert.obj
 0001:00017a70       ??$tcslen@ABQA_W@?$__crt_char_traits@_W@@SAIABQA_W@Z 10018a70 f i libucrtd:assert.obj
 0001:00017a90       ??$tcslen@ABQBD@?$__crt_char_traits@D@@SAIABQBD@Z 10018a90 f i libucrtd:assert.obj
 0001:00017ab0       ??$tcslen@ABQB_W@?$__crt_char_traits@_W@@SAIABQB_W@Z 10018ab0 f i libucrtd:assert.obj
 0001:00017ad0       ??$tcsncat_s@ABQADABIAAPBD$$CBI@?$__crt_char_traits@D@@SAHABQADABIAAPBD$$QBI@Z 10018ad0 f i libucrtd:assert.obj
 0001:00017b00       ??$tcsncat_s@ABQADABIABQBDABI@?$__crt_char_traits@D@@SAHABQADABIABQBD1@Z 10018b00 f i libucrtd:assert.obj
 0001:00017b30       ??$tcsncat_s@ABQADABIPBD$$CBI@?$__crt_char_traits@D@@SAHABQADABI$$QAPBD$$QBI@Z 10018b30 f i libucrtd:assert.obj
 0001:00017b60       ??$tcsncat_s@ABQA_WABIAAPB_W$$CBI@?$__crt_char_traits@_W@@SAHABQA_WABIAAPB_W$$QBI@Z 10018b60 f i libucrtd:assert.obj
 0001:00017b90       ??$tcsncat_s@ABQA_WABIABQB_WABI@?$__crt_char_traits@_W@@SAHABQA_WABIABQB_W1@Z 10018b90 f i libucrtd:assert.obj
 0001:00017bc0       ??$tcsncat_s@ABQA_WABIPB_W$$CBI@?$__crt_char_traits@_W@@SAHABQA_WABI$$QAPB_W$$QBI@Z 10018bc0 f i libucrtd:assert.obj
 0001:00017bf0       ??0__crt_stdio_stream@@QAE@QAU_iobuf@@@Z 10018bf0 f i libucrtd:assert.obj
 0001:00017c10       ?__crt_interlocked_read_32@@YAHPDH@Z 10018c10 f i libucrtd:assert.obj
 0001:00017e00       ?get_flags@__crt_stdio_stream@@QBEJXZ 10018e00 f i libucrtd:assert.obj
 0001:00017ee0       ?has_any_buffer@__crt_stdio_stream@@QBE_NXZ 10018ee0 f i libucrtd:assert.obj
 0001:00017f00       ?has_any_of@__crt_stdio_stream@@QBE_NJ@Z 10018f00 f i libucrtd:assert.obj
 0001:00017f40       __assert                   10018f40 f   libucrtd:assert.obj
 0001:00017f60       __invoke_watson_if_error   10018f60 f i libucrtd:assert.obj
 0001:00017f90       __vfwprintf_l              10018f90 f i libucrtd:assert.obj
 0001:00017fc0       __vswprintf_c_l            10018fc0 f i libucrtd:assert.obj
 0001:00018010       __wassert                  10019010 f   libucrtd:assert.obj
 0001:00018030       _fwprintf                  10019030 f i libucrtd:assert.obj
 0001:00018180       _swprintf                  10019180 f i libucrtd:assert.obj
 0001:000181c0       ??$?RPAU__crt_stdio_stream_data@@@__crt_internal_free_policy@@QBEXQBQAU__crt_stdio_stream_data@@@Z 100191c0 f i libucrtd:_file.obj
 0001:000181e0       ??0?$__crt_unique_heap_ptr@PAU__crt_stdio_stream_data@@U__crt_internal_free_policy@@@@QAE@QAPAU__crt_stdio_stream_data@@@Z 100191e0 f i libucrtd:_file.obj
 0001:00018200       ??1?$__crt_unique_heap_ptr@PAU__crt_stdio_stream_data@@U__crt_internal_free_policy@@@@QAE@XZ 10019200 f i libucrtd:_file.obj
 0001:00018220       ??C__crt_stdio_stream@@QBEPAU__crt_stdio_stream_data@@XZ 10019220 f i libucrtd:_file.obj
 0001:00018240       ?detach@?$__crt_unique_heap_ptr@PAU__crt_stdio_stream_data@@U__crt_internal_free_policy@@@@QAEPAPAU__crt_stdio_stream_data@@XZ 10019240 f i libucrtd:_file.obj
 0001:00018270       ?release@?$__crt_unique_heap_ptr@PAU__crt_stdio_stream_data@@U__crt_internal_free_policy@@@@QAEXXZ 10019270 f i libucrtd:_file.obj
 0001:000182a0       ___acrt_initialize_stdio   100192a0 f   libucrtd:_file.obj
 0001:00018410       ___acrt_iob_func           10019410 f   libucrtd:_file.obj
 0001:00018420       ___acrt_uninitialize_stdio 10019420 f   libucrtd:_file.obj
 0001:000184a0       __get_stream_buffer_pointers 100194a0 f   libucrtd:_file.obj
 0001:00018580       __lock_file                10019580 f   libucrtd:_file.obj
 0001:000185b0       __unlock_file              100195b0 f   libucrtd:_file.obj
 0001:000185e0       ??$?0ABV?$stream_output_adapter@D@__crt_stdio_output@@AB_KABQBDABQAU__crt_locale_pointers@@ABQAD@?$format_validation_base@DV?$stream_output_adapter@D@__crt_stdio_output@@@__crt_stdio_output@@IAE@ABV?$stream_output_adapter@D@1@AB_KABQBDABQAU__crt_locale_pointers@@ABQAD@Z 100195e0 f i libucrtd:output.obj
 0001:00018610       ??$?0ABV?$stream_output_adapter@D@__crt_stdio_output@@AB_KABQBDABQAU__crt_locale_pointers@@ABQAD@?$positional_parameter_base@DV?$stream_output_adapter@D@__crt_stdio_output@@@__crt_stdio_output@@IAE@ABV?$stream_output_adapter@D@1@AB_KABQBDABQAU__crt_locale_pointers@@ABQAD@Z 10019610 f i libucrtd:output.obj
 0001:00018690       ??$?0ABV?$stream_output_adapter@D@__crt_stdio_output@@AB_KABQBDABQAU__crt_locale_pointers@@ABQAD@?$standard_base@DV?$stream_output_adapter@D@__crt_stdio_output@@@__crt_stdio_output@@IAE@ABV?$stream_output_adapter@D@1@AB_KABQBDABQAU__crt_locale_pointers@@ABQAD@Z 10019690 f i libucrtd:output.obj
 0001:000186e0       ??$?0ABV?$stream_output_adapter@_W@__crt_stdio_output@@AB_KABQB_WABQAU__crt_locale_pointers@@ABQAD@?$format_validation_base@_WV?$stream_output_adapter@_W@__crt_stdio_output@@@__crt_stdio_output@@IAE@ABV?$stream_output_adapter@_W@1@AB_KABQB_WABQAU__crt_locale_pointers@@ABQAD@Z 100196e0 f i libucrtd:output.obj
 0001:00018710       ??$?0ABV?$stream_output_adapter@_W@__crt_stdio_output@@AB_KABQB_WABQAU__crt_locale_pointers@@ABQAD@?$positional_parameter_base@_WV?$stream_output_adapter@_W@__crt_stdio_output@@@__crt_stdio_output@@IAE@ABV?$stream_output_adapter@_W@1@AB_KABQB_WABQAU__crt_locale_pointers@@ABQAD@Z 10019710 f i libucrtd:output.obj
 0001:00018790       ??$?0ABV?$stream_output_adapter@_W@__crt_stdio_output@@AB_KABQB_WABQAU__crt_locale_pointers@@ABQAD@?$standard_base@_WV?$stream_output_adapter@_W@__crt_stdio_output@@@__crt_stdio_output@@IAE@ABV?$stream_output_adapter@_W@1@AB_KABQB_WABQAU__crt_locale_pointers@@ABQAD@Z 10019790 f i libucrtd:output.obj
 0001:000187e0       ??$?0ABV?$string_output_adapter@D@__crt_stdio_output@@AB_KABQBDABQAU__crt_locale_pointers@@ABQAD@?$format_validation_base@DV?$string_output_adapter@D@__crt_stdio_output@@@__crt_stdio_output@@IAE@ABV?$string_output_adapter@D@1@AB_KABQBDABQAU__crt_locale_pointers@@ABQAD@Z 100197e0 f i libucrtd:output.obj
 0001:00018810       ??$?0ABV?$string_output_adapter@D@__crt_stdio_output@@AB_KABQBDABQAU__crt_locale_pointers@@ABQAD@?$positional_parameter_base@DV?$string_output_adapter@D@__crt_stdio_output@@@__crt_stdio_output@@IAE@ABV?$string_output_adapter@D@1@AB_KABQBDABQAU__crt_locale_pointers@@ABQAD@Z 10019810 f i libucrtd:output.obj
 0001:00018890       ??$?0ABV?$string_output_adapter@D@__crt_stdio_output@@AB_KABQBDABQAU__crt_locale_pointers@@ABQAD@?$standard_base@DV?$string_output_adapter@D@__crt_stdio_output@@@__crt_stdio_output@@IAE@ABV?$string_output_adapter@D@1@AB_KABQBDABQAU__crt_locale_pointers@@ABQAD@Z 10019890 f i libucrtd:output.obj
 0001:000188e0       ??$?0ABV?$string_output_adapter@_W@__crt_stdio_output@@AB_KABQB_WABQAU__crt_locale_pointers@@ABQAD@?$format_validation_base@_WV?$string_output_adapter@_W@__crt_stdio_output@@@__crt_stdio_output@@IAE@ABV?$string_output_adapter@_W@1@AB_KABQB_WABQAU__crt_locale_pointers@@ABQAD@Z 100198e0 f i libucrtd:output.obj
 0001:00018910       ??$?0ABV?$string_output_adapter@_W@__crt_stdio_output@@AB_KABQB_WABQAU__crt_locale_pointers@@ABQAD@?$positional_parameter_base@_WV?$string_output_adapter@_W@__crt_stdio_output@@@__crt_stdio_output@@IAE@ABV?$string_output_adapter@_W@1@AB_KABQB_WABQAU__crt_locale_pointers@@ABQAD@Z 10019910 f i libucrtd:output.obj
 0001:00018990       ??$?0ABV?$string_output_adapter@_W@__crt_stdio_output@@AB_KABQB_WABQAU__crt_locale_pointers@@ABQAD@?$standard_base@_WV?$string_output_adapter@_W@__crt_stdio_output@@@__crt_stdio_output@@IAE@ABV?$string_output_adapter@_W@1@AB_KABQB_WABQAU__crt_locale_pointers@@ABQAD@Z 10019990 f i libucrtd:output.obj
 0001:000189e0       ??$?RV<lambda_2293f24e3ce1ad6fe22ccfb9dec07671>@@AAV<lambda_2565fc715a641e539f44ad02d6823606>@@V<lambda_d3217f279b832965d9ca670dc2993570>@@@?$__crt_seh_guarded_call@H@@QAEH$$QAV<lambda_2293f24e3ce1ad6fe22ccfb9dec07671>@@AAV<lambda_2565fc715a641e539f44ad02d6823606>@@$$QAV<lambda_d3217f279b832965d9ca670dc2993570>@@@Z 100199e0 f i libucrtd:output.obj
 0001:00018a70       ??$?RV<lambda_4d4ac866be0fa3c441830420fabdd2cb>@@AAV<lambda_63a10c2dc8dbb9e4dd1890be52af7c93>@@V<lambda_002af9fa0f8fe472b648c51882d4fc32>@@@?$__crt_seh_guarded_call@H@@QAEH$$QAV<lambda_4d4ac866be0fa3c441830420fabdd2cb>@@AAV<lambda_63a10c2dc8dbb9e4dd1890be52af7c93>@@$$QAV<lambda_002af9fa0f8fe472b648c51882d4fc32>@@@Z 10019a70 f i libucrtd:output.obj
 0001:00018b00       ??$?RV<lambda_5be909dfbae0a631386585770cd7b676>@@AAV<lambda_e516058a9c289d98c8ca9fea99247804>@@V<lambda_afe2e0cdc5e0ecf6f0d6f5e2f8985e38>@@@?$__crt_seh_guarded_call@H@@QAEH$$QAV<lambda_5be909dfbae0a631386585770cd7b676>@@AAV<lambda_e516058a9c289d98c8ca9fea99247804>@@$$QAV<lambda_afe2e0cdc5e0ecf6f0d6f5e2f8985e38>@@@Z 10019b00 f i libucrtd:output.obj
 0001:00018b90       ??$?RV<lambda_823d65812123d985753d53e2a8c25d20>@@AAV<lambda_0a97c9e57da7be065955385c79108ff2>@@V<lambda_4d2973f3ad2d226f00468307185dca1b>@@@?$__crt_seh_guarded_call@H@@QAEH$$QAV<lambda_823d65812123d985753d53e2a8c25d20>@@AAV<lambda_0a97c9e57da7be065955385c79108ff2>@@$$QAV<lambda_4d2973f3ad2d226f00468307185dca1b>@@@Z 10019b90 f i libucrtd:output.obj
 0001:00018c20       ??$?RV<lambda_ab9923ffb5d694ec0d78876dd103e44f>@@AAV<lambda_481dd5778c961fbcd3b60b650e9b9dc4>@@V<lambda_7923d86c9e3f319b415918ec4b39749c>@@@?$__crt_seh_guarded_call@H@@QAEH$$QAV<lambda_ab9923ffb5d694ec0d78876dd103e44f>@@AAV<lambda_481dd5778c961fbcd3b60b650e9b9dc4>@@$$QAV<lambda_7923d86c9e3f319b415918ec4b39749c>@@@Z 10019c20 f i libucrtd:output.obj
 0001:00018cb0       ??$?RV<lambda_db08b09ef7aa9d4f8620ce68402612bc>@@AAV<lambda_4f2c1eaeead2a5fc776db5b62ea0fb9b>@@V<lambda_3ae262bc35d4ba6a3825c4f6bcaaf95c>@@@?$__crt_seh_guarded_call@H@@QAEH$$QAV<lambda_db08b09ef7aa9d4f8620ce68402612bc>@@AAV<lambda_4f2c1eaeead2a5fc776db5b62ea0fb9b>@@$$QAV<lambda_3ae262bc35d4ba6a3825c4f6bcaaf95c>@@@Z 10019cb0 f i libucrtd:output.obj
 0001:00018d40       ??$__acrt_lock_stream_and_call@V<lambda_0a97c9e57da7be065955385c79108ff2>@@@@YAHQAU_iobuf@@$$QAV<lambda_0a97c9e57da7be065955385c79108ff2>@@@Z 10019d40 f i libucrtd:output.obj
 0001:00018d80       ??$__acrt_lock_stream_and_call@V<lambda_2565fc715a641e539f44ad02d6823606>@@@@YAHQAU_iobuf@@$$QAV<lambda_2565fc715a641e539f44ad02d6823606>@@@Z 10019d80 f i libucrtd:output.obj
 0001:00018dc0       ??$__acrt_lock_stream_and_call@V<lambda_481dd5778c961fbcd3b60b650e9b9dc4>@@@@YAHQAU_iobuf@@$$QAV<lambda_481dd5778c961fbcd3b60b650e9b9dc4>@@@Z 10019dc0 f i libucrtd:output.obj
 0001:00018e00       ??$__acrt_lock_stream_and_call@V<lambda_4f2c1eaeead2a5fc776db5b62ea0fb9b>@@@@YAHQAU_iobuf@@$$QAV<lambda_4f2c1eaeead2a5fc776db5b62ea0fb9b>@@@Z 10019e00 f i libucrtd:output.obj
 0001:00018e40       ??$__acrt_lock_stream_and_call@V<lambda_63a10c2dc8dbb9e4dd1890be52af7c93>@@@@YAHQAU_iobuf@@$$QAV<lambda_63a10c2dc8dbb9e4dd1890be52af7c93>@@@Z 10019e40 f i libucrtd:output.obj
 0001:00018e80       ??$__acrt_lock_stream_and_call@V<lambda_e516058a9c289d98c8ca9fea99247804>@@@@YAHQAU_iobuf@@$$QAV<lambda_e516058a9c289d98c8ca9fea99247804>@@@Z 10019e80 f i libucrtd:output.obj
 0001:0001bc40       ??$count@D@formatting_buffer@__crt_stdio_output@@QBEIXZ 1001cc40 f i libucrtd:output.obj
 0001:0001bc80       ??$data@D@formatting_buffer@__crt_stdio_output@@QAEPADXZ 1001cc80 f i libucrtd:output.obj
 0001:0001bcc0       ??$data@_W@formatting_buffer@__crt_stdio_output@@QAEPA_WXZ 1001ccc0 f i libucrtd:output.obj
 0001:0001bd00       ??$ensure_buffer_is_big_enough@D@formatting_buffer@__crt_stdio_output@@QAE_NI@Z 1001cd00 f i libucrtd:output.obj
 0001:0001bde0       ??$extract_argument_from_va_list@C_J@?$positional_parameter_base@DV?$stream_output_adapter@D@__crt_stdio_output@@@__crt_stdio_output@@IAE_NAA_J@Z 1001cde0 f i libucrtd:output.obj
 0001:0001bf20       ??$extract_argument_from_va_list@C_J@?$positional_parameter_base@DV?$string_output_adapter@D@__crt_stdio_output@@@__crt_stdio_output@@IAE_NAA_J@Z 1001cf20 f i libucrtd:output.obj
 0001:0001c060       ??$extract_argument_from_va_list@C_J@?$positional_parameter_base@_WV?$stream_output_adapter@_W@__crt_stdio_output@@@__crt_stdio_output@@IAE_NAA_J@Z 1001d060 f i libucrtd:output.obj
 0001:0001c1a0       ??$extract_argument_from_va_list@C_J@?$positional_parameter_base@_WV?$string_output_adapter@_W@__crt_stdio_output@@@__crt_stdio_output@@IAE_NAA_J@Z 1001d1a0 f i libucrtd:output.obj
 0001:0001c2e0       ??$extract_argument_from_va_list@C_J@?$standard_base@DV?$stream_output_adapter@D@__crt_stdio_output@@@__crt_stdio_output@@IAE_NAA_J@Z 1001d2e0 f i libucrtd:output.obj
 0001:0001c310       ??$extract_argument_from_va_list@C_J@?$standard_base@DV?$string_output_adapter@D@__crt_stdio_output@@@__crt_stdio_output@@IAE_NAA_J@Z 1001d310 f i libucrtd:output.obj
 0001:0001c340       ??$extract_argument_from_va_list@C_J@?$standard_base@_WV?$stream_output_adapter@_W@__crt_stdio_output@@@__crt_stdio_output@@IAE_NAA_J@Z 1001d340 f i libucrtd:output.obj
 0001:0001c370       ??$extract_argument_from_va_list@C_J@?$standard_base@_WV?$string_output_adapter@_W@__crt_stdio_output@@@__crt_stdio_output@@IAE_NAA_J@Z 1001d370 f i libucrtd:output.obj
 0001:0001c3a0       ??$extract_argument_from_va_list@E_J@?$positional_parameter_base@DV?$stream_output_adapter@D@__crt_stdio_output@@@__crt_stdio_output@@IAE_NAA_J@Z 1001d3a0 f i libucrtd:output.obj
 0001:0001c4e0       ??$extract_argument_from_va_list@E_J@?$positional_parameter_base@DV?$string_output_adapter@D@__crt_stdio_output@@@__crt_stdio_output@@IAE_NAA_J@Z 1001d4e0 f i libucrtd:output.obj
 0001:0001c620       ??$extract_argument_from_va_list@E_J@?$positional_parameter_base@_WV?$stream_output_adapter@_W@__crt_stdio_output@@@__crt_stdio_output@@IAE_NAA_J@Z 1001d620 f i libucrtd:output.obj
 0001:0001c760       ??$extract_argument_from_va_list@E_J@?$positional_parameter_base@_WV?$string_output_adapter@_W@__crt_stdio_output@@@__crt_stdio_output@@IAE_NAA_J@Z 1001d760 f i libucrtd:output.obj
 0001:0001c8a0       ??$extract_argument_from_va_list@E_J@?$standard_base@DV?$stream_output_adapter@D@__crt_stdio_output@@@__crt_stdio_output@@IAE_NAA_J@Z 1001d8a0 f i libucrtd:output.obj
 0001:0001c8d0       ??$extract_argument_from_va_list@E_J@?$standard_base@DV?$string_output_adapter@D@__crt_stdio_output@@@__crt_stdio_output@@IAE_NAA_J@Z 1001d8d0 f i libucrtd:output.obj
 0001:0001c900       ??$extract_argument_from_va_list@E_J@?$standard_base@_WV?$stream_output_adapter@_W@__crt_stdio_output@@@__crt_stdio_output@@IAE_NAA_J@Z 1001d900 f i libucrtd:output.obj
 0001:0001c930       ??$extract_argument_from_va_list@E_J@?$standard_base@_WV?$string_output_adapter@_W@__crt_stdio_output@@@__crt_stdio_output@@IAE_NAA_J@Z 1001d930 f i libucrtd:output.obj
 0001:0001c960       ??$extract_argument_from_va_list@F_J@?$positional_parameter_base@DV?$stream_output_adapter@D@__crt_stdio_output@@@__crt_stdio_output@@IAE_NAA_J@Z 1001d960 f i libucrtd:output.obj
 0001:0001ca90       ??$extract_argument_from_va_list@F_J@?$positional_parameter_base@DV?$string_output_adapter@D@__crt_stdio_output@@@__crt_stdio_output@@IAE_NAA_J@Z 1001da90 f i libucrtd:output.obj
 0001:0001cbc0       ??$extract_argument_from_va_list@F_J@?$positional_parameter_base@_WV?$stream_output_adapter@_W@__crt_stdio_output@@@__crt_stdio_output@@IAE_NAA_J@Z 1001dbc0 f i libucrtd:output.obj
 0001:0001ccf0       ??$extract_argument_from_va_list@F_J@?$positional_parameter_base@_WV?$string_output_adapter@_W@__crt_stdio_output@@@__crt_stdio_output@@IAE_NAA_J@Z 1001dcf0 f i libucrtd:output.obj
 0001:0001ce20       ??$extract_argument_from_va_list@F_J@?$standard_base@DV?$stream_output_adapter@D@__crt_stdio_output@@@__crt_stdio_output@@IAE_NAA_J@Z 1001de20 f i libucrtd:output.obj
 0001:0001ce50       ??$extract_argument_from_va_list@F_J@?$standard_base@DV?$string_output_adapter@D@__crt_stdio_output@@@__crt_stdio_output@@IAE_NAA_J@Z 1001de50 f i libucrtd:output.obj
 0001:0001ce80       ??$extract_argument_from_va_list@F_J@?$standard_base@_WV?$stream_output_adapter@_W@__crt_stdio_output@@@__crt_stdio_output@@IAE_NAA_J@Z 1001de80 f i libucrtd:output.obj
 0001:0001ceb0       ??$extract_argument_from_va_list@F_J@?$standard_base@_WV?$string_output_adapter@_W@__crt_stdio_output@@@__crt_stdio_output@@IAE_NAA_J@Z 1001deb0 f i libucrtd:output.obj
 0001:0001cee0       ??$extract_argument_from_va_list@GD@?$positional_parameter_base@DV?$stream_output_adapter@D@__crt_stdio_output@@@__crt_stdio_output@@IAE_NAAD@Z 1001dee0 f i libucrtd:output.obj
 0001:0001d010       ??$extract_argument_from_va_list@GD@?$positional_parameter_base@DV?$string_output_adapter@D@__crt_stdio_output@@@__crt_stdio_output@@IAE_NAAD@Z 1001e010 f i libucrtd:output.obj
 0001:0001d140       ??$extract_argument_from_va_list@GD@?$standard_base@DV?$stream_output_adapter@D@__crt_stdio_output@@@__crt_stdio_output@@IAE_NAAD@Z 1001e140 f i libucrtd:output.obj
 0001:0001d170       ??$extract_argument_from_va_list@GD@?$standard_base@DV?$string_output_adapter@D@__crt_stdio_output@@@__crt_stdio_output@@IAE_NAAD@Z 1001e170 f i libucrtd:output.obj
 0001:0001d1a0       ??$extract_argument_from_va_list@G_J@?$positional_parameter_base@DV?$stream_output_adapter@D@__crt_stdio_output@@@__crt_stdio_output@@IAE_NAA_J@Z 1001e1a0 f i libucrtd:output.obj
 0001:0001d2e0       ??$extract_argument_from_va_list@G_J@?$positional_parameter_base@DV?$string_output_adapter@D@__crt_stdio_output@@@__crt_stdio_output@@IAE_NAA_J@Z 1001e2e0 f i libucrtd:output.obj
 0001:0001d420       ??$extract_argument_from_va_list@G_J@?$positional_parameter_base@_WV?$stream_output_adapter@_W@__crt_stdio_output@@@__crt_stdio_output@@IAE_NAA_J@Z 1001e420 f i libucrtd:output.obj
 0001:0001d560       ??$extract_argument_from_va_list@G_J@?$positional_parameter_base@_WV?$string_output_adapter@_W@__crt_stdio_output@@@__crt_stdio_output@@IAE_NAA_J@Z 1001e560 f i libucrtd:output.obj
 0001:0001d6a0       ??$extract_argument_from_va_list@G_J@?$standard_base@DV?$stream_output_adapter@D@__crt_stdio_output@@@__crt_stdio_output@@IAE_NAA_J@Z 1001e6a0 f i libucrtd:output.obj
 0001:0001d6d0       ??$extract_argument_from_va_list@G_J@?$standard_base@DV?$string_output_adapter@D@__crt_stdio_output@@@__crt_stdio_output@@IAE_NAA_J@Z 1001e6d0 f i libucrtd:output.obj
 0001:0001d700       ??$extract_argument_from_va_list@G_J@?$standard_base@_WV?$stream_output_adapter@_W@__crt_stdio_output@@@__crt_stdio_output@@IAE_NAA_J@Z 1001e700 f i libucrtd:output.obj
 0001:0001d730       ??$extract_argument_from_va_list@G_J@?$standard_base@_WV?$string_output_adapter@_W@__crt_stdio_output@@@__crt_stdio_output@@IAE_NAA_J@Z 1001e730 f i libucrtd:output.obj
 0001:0001d760       ??$extract_argument_from_va_list@H_J@?$positional_parameter_base@DV?$stream_output_adapter@D@__crt_stdio_output@@@__crt_stdio_output@@IAE_NAA_J@Z 1001e760 f i libucrtd:output.obj
 0001:0001d890       ??$extract_argument_from_va_list@H_J@?$positional_parameter_base@DV?$string_output_adapter@D@__crt_stdio_output@@@__crt_stdio_output@@IAE_NAA_J@Z 1001e890 f i libucrtd:output.obj
 0001:0001d9c0       ??$extract_argument_from_va_list@H_J@?$positional_parameter_base@_WV?$stream_output_adapter@_W@__crt_stdio_output@@@__crt_stdio_output@@IAE_NAA_J@Z 1001e9c0 f i libucrtd:output.obj
 0001:0001daf0       ??$extract_argument_from_va_list@H_J@?$positional_parameter_base@_WV?$string_output_adapter@_W@__crt_stdio_output@@@__crt_stdio_output@@IAE_NAA_J@Z 1001eaf0 f i libucrtd:output.obj
 0001:0001dc20       ??$extract_argument_from_va_list@H_J@?$standard_base@DV?$stream_output_adapter@D@__crt_stdio_output@@@__crt_stdio_output@@IAE_NAA_J@Z 1001ec20 f i libucrtd:output.obj
 0001:0001dc50       ??$extract_argument_from_va_list@H_J@?$standard_base@DV?$string_output_adapter@D@__crt_stdio_output@@@__crt_stdio_output@@IAE_NAA_J@Z 1001ec50 f i libucrtd:output.obj
 0001:0001dc80       ??$extract_argument_from_va_list@H_J@?$standard_base@_WV?$stream_output_adapter@_W@__crt_stdio_output@@@__crt_stdio_output@@IAE_NAA_J@Z 1001ec80 f i libucrtd:output.obj
 0001:0001dcb0       ??$extract_argument_from_va_list@H_J@?$standard_base@_WV?$string_output_adapter@_W@__crt_stdio_output@@@__crt_stdio_output@@IAE_NAA_J@Z 1001ecb0 f i libucrtd:output.obj
 0001:0001dce0       ??$extract_argument_from_va_list@I_J@?$positional_parameter_base@DV?$stream_output_adapter@D@__crt_stdio_output@@@__crt_stdio_output@@IAE_NAA_J@Z 1001ece0 f i libucrtd:output.obj
 0001:0001de10       ??$extract_argument_from_va_list@I_J@?$positional_parameter_base@DV?$string_output_adapter@D@__crt_stdio_output@@@__crt_stdio_output@@IAE_NAA_J@Z 1001ee10 f i libucrtd:output.obj
 0001:0001df40       ??$extract_argument_from_va_list@I_J@?$positional_parameter_base@_WV?$stream_output_adapter@_W@__crt_stdio_output@@@__crt_stdio_output@@IAE_NAA_J@Z 1001ef40 f i libucrtd:output.obj
 0001:0001e070       ??$extract_argument_from_va_list@I_J@?$positional_parameter_base@_WV?$string_output_adapter@_W@__crt_stdio_output@@@__crt_stdio_output@@IAE_NAA_J@Z 1001f070 f i libucrtd:output.obj
 0001:0001e1a0       ??$extract_argument_from_va_list@I_J@?$standard_base@DV?$stream_output_adapter@D@__crt_stdio_output@@@__crt_stdio_output@@IAE_NAA_J@Z 1001f1a0 f i libucrtd:output.obj
 0001:0001e1d0       ??$extract_argument_from_va_list@I_J@?$standard_base@DV?$string_output_adapter@D@__crt_stdio_output@@@__crt_stdio_output@@IAE_NAA_J@Z 1001f1d0 f i libucrtd:output.obj
 0001:0001e200       ??$extract_argument_from_va_list@I_J@?$standard_base@_WV?$stream_output_adapter@_W@__crt_stdio_output@@@__crt_stdio_output@@IAE_NAA_J@Z 1001f200 f i libucrtd:output.obj
 0001:0001e230       ??$extract_argument_from_va_list@I_J@?$standard_base@_WV?$string_output_adapter@_W@__crt_stdio_output@@@__crt_stdio_output@@IAE_NAA_J@Z 1001f230 f i libucrtd:output.obj
 0001:0001e260       ??$extract_argument_from_va_list@PADPAD@?$positional_parameter_base@DV?$stream_output_adapter@D@__crt_stdio_output@@@__crt_stdio_output@@IAE_NAAPAD@Z 1001f260 f i libucrtd:output.obj
 0001:0001e390       ??$extract_argument_from_va_list@PADPAD@?$positional_parameter_base@DV?$string_output_adapter@D@__crt_stdio_output@@@__crt_stdio_output@@IAE_NAAPAD@Z 1001f390 f i libucrtd:output.obj
 0001:0001e4c0       ??$extract_argument_from_va_list@PADPAD@?$positional_parameter_base@_WV?$stream_output_adapter@_W@__crt_stdio_output@@@__crt_stdio_output@@IAE_NAAPAD@Z 1001f4c0 f i libucrtd:output.obj
 0001:0001e5f0       ??$extract_argument_from_va_list@PADPAD@?$positional_parameter_base@_WV?$string_output_adapter@_W@__crt_stdio_output@@@__crt_stdio_output@@IAE_NAAPAD@Z 1001f5f0 f i libucrtd:output.obj
 0001:0001e720       ??$extract_argument_from_va_list@PADPAD@?$standard_base@DV?$stream_output_adapter@D@__crt_stdio_output@@@__crt_stdio_output@@IAE_NAAPAD@Z 1001f720 f i libucrtd:output.obj
 0001:0001e750       ??$extract_argument_from_va_list@PADPAD@?$standard_base@DV?$string_output_adapter@D@__crt_stdio_output@@@__crt_stdio_output@@IAE_NAAPAD@Z 1001f750 f i libucrtd:output.obj
 0001:0001e780       ??$extract_argument_from_va_list@PADPAD@?$standard_base@_WV?$stream_output_adapter@_W@__crt_stdio_output@@@__crt_stdio_output@@IAE_NAAPAD@Z 1001f780 f i libucrtd:output.obj
 0001:0001e7b0       ??$extract_argument_from_va_list@PADPAD@?$standard_base@_WV?$string_output_adapter@_W@__crt_stdio_output@@@__crt_stdio_output@@IAE_NAAPAD@Z 1001f7b0 f i libucrtd:output.obj
 0001:0001e7e0       ??$extract_argument_from_va_list@PAUansi_string@?1??type_case_Z@?$output_processor@DV?$stream_output_adapter@D@__crt_stdio_output@@V?$format_validation_base@DV?$stream_output_adapter@D@__crt_stdio_output@@@2@@__crt_stdio_output@@AAE_NXZ@PAU1?1??234@AAE_NXZ@@?$standard_base@DV?$stream_output_adapter@D@__crt_stdio_output@@@__crt_stdio_output@@IAE_NAAPAUansi_string@?1??type_case_Z@?$output_processor@DV?$stream_output_adapter@D@__crt_stdio_output@@V?$format_validation_base@DV?$stream_output_adapter@D@__crt_stdio_output@@@2@@1@AAE_NXZ@@Z 1001f7e0 f i libucrtd:output.obj
 0001:0001e810       ??$extract_argument_from_va_list@PAUansi_string@?1??type_case_Z@?$output_processor@DV?$stream_output_adapter@D@__crt_stdio_output@@V?$positional_parameter_base@DV?$stream_output_adapter@D@__crt_stdio_output@@@2@@__crt_stdio_output@@AAE_NXZ@PAU1?1??234@AAE_NXZ@@?$positional_parameter_base@DV?$stream_output_adapter@D@__crt_stdio_output@@@__crt_stdio_output@@IAE_NAAPAUansi_string@?1??type_case_Z@?$output_processor@DV?$stream_output_adapter@D@__crt_stdio_output@@V?$positional_parameter_base@DV?$stream_output_adapter@D@__crt_stdio_output@@@2@@1@AAE_NXZ@@Z 1001f810 f i libucrtd:output.obj
 0001:0001e940       ??$extract_argument_from_va_list@PAUansi_string@?1??type_case_Z@?$output_processor@DV?$stream_output_adapter@D@__crt_stdio_output@@V?$positional_parameter_base@DV?$stream_output_adapter@D@__crt_stdio_output@@@2@@__crt_stdio_output@@AAE_NXZ@PAU1?1??234@AAE_NXZ@@?$standard_base@DV?$stream_output_adapter@D@__crt_stdio_output@@@__crt_stdio_output@@IAE_NAAPAUansi_string@?1??type_case_Z@?$output_processor@DV?$stream_output_adapter@D@__crt_stdio_output@@V?$positional_parameter_base@DV?$stream_output_adapter@D@__crt_stdio_output@@@2@@1@AAE_NXZ@@Z 1001f940 f i libucrtd:output.obj
 0001:0001e970       ??$extract_argument_from_va_list@PAUansi_string@?1??type_case_Z@?$output_processor@DV?$stream_output_adapter@D@__crt_stdio_output@@V?$standard_base@DV?$stream_output_adapter@D@__crt_stdio_output@@@2@@__crt_stdio_output@@AAE_NXZ@PAU1?1??234@AAE_NXZ@@?$standard_base@DV?$stream_output_adapter@D@__crt_stdio_output@@@__crt_stdio_output@@IAE_NAAPAUansi_string@?1??type_case_Z@?$output_processor@DV?$stream_output_adapter@D@__crt_stdio_output@@V?$standard_base@DV?$stream_output_adapter@D@__crt_stdio_output@@@2@@1@AAE_NXZ@@Z 1001f970 f i libucrtd:output.obj
 0001:0001e9a0       ??$extract_argument_from_va_list@PAUansi_string@?1??type_case_Z@?$output_processor@DV?$string_output_adapter@D@__crt_stdio_output@@V?$format_validation_base@DV?$string_output_adapter@D@__crt_stdio_output@@@2@@__crt_stdio_output@@AAE_NXZ@PAU1?1??234@AAE_NXZ@@?$standard_base@DV?$string_output_adapter@D@__crt_stdio_output@@@__crt_stdio_output@@IAE_NAAPAUansi_string@?1??type_case_Z@?$output_processor@DV?$string_output_adapter@D@__crt_stdio_output@@V?$format_validation_base@DV?$string_output_adapter@D@__crt_stdio_output@@@2@@1@AAE_NXZ@@Z 1001f9a0 f i libucrtd:output.obj
 0001:0001e9d0       ??$extract_argument_from_va_list@PAUansi_string@?1??type_case_Z@?$output_processor@DV?$string_output_adapter@D@__crt_stdio_output@@V?$positional_parameter_base@DV?$string_output_adapter@D@__crt_stdio_output@@@2@@__crt_stdio_output@@AAE_NXZ@PAU1?1??234@AAE_NXZ@@?$positional_parameter_base@DV?$string_output_adapter@D@__crt_stdio_output@@@__crt_stdio_output@@IAE_NAAPAUansi_string@?1??type_case_Z@?$output_processor@DV?$string_output_adapter@D@__crt_stdio_output@@V?$positional_parameter_base@DV?$string_output_adapter@D@__crt_stdio_output@@@2@@1@AAE_NXZ@@Z 1001f9d0 f i libucrtd:output.obj
 0001:0001eb00       ??$extract_argument_from_va_list@PAUansi_string@?1??type_case_Z@?$output_processor@DV?$string_output_adapter@D@__crt_stdio_output@@V?$positional_parameter_base@DV?$string_output_adapter@D@__crt_stdio_output@@@2@@__crt_stdio_output@@AAE_NXZ@PAU1?1??234@AAE_NXZ@@?$standard_base@DV?$string_output_adapter@D@__crt_stdio_output@@@__crt_stdio_output@@IAE_NAAPAUansi_string@?1??type_case_Z@?$output_processor@DV?$string_output_adapter@D@__crt_stdio_output@@V?$positional_parameter_base@DV?$string_output_adapter@D@__crt_stdio_output@@@2@@1@AAE_NXZ@@Z 1001fb00 f i libucrtd:output.obj
 0001:0001eb30       ??$extract_argument_from_va_list@PAUansi_string@?1??type_case_Z@?$output_processor@DV?$string_output_adapter@D@__crt_stdio_output@@V?$standard_base@DV?$string_output_adapter@D@__crt_stdio_output@@@2@@__crt_stdio_output@@AAE_NXZ@PAU1?1??234@AAE_NXZ@@?$standard_base@DV?$string_output_adapter@D@__crt_stdio_output@@@__crt_stdio_output@@IAE_NAAPAUansi_string@?1??type_case_Z@?$output_processor@DV?$string_output_adapter@D@__crt_stdio_output@@V?$standard_base@DV?$string_output_adapter@D@__crt_stdio_output@@@2@@1@AAE_NXZ@@Z 1001fb30 f i libucrtd:output.obj
 0001:0001eb60       ??$extract_argument_from_va_list@PAUansi_string@?1??type_case_Z@?$output_processor@_WV?$stream_output_adapter@_W@__crt_stdio_output@@V?$format_validation_base@_WV?$stream_output_adapter@_W@__crt_stdio_output@@@2@@__crt_stdio_output@@AAE_NXZ@PAU1?1??234@AAE_NXZ@@?$standard_base@_WV?$stream_output_adapter@_W@__crt_stdio_output@@@__crt_stdio_output@@IAE_NAAPAUansi_string@?1??type_case_Z@?$output_processor@_WV?$stream_output_adapter@_W@__crt_stdio_output@@V?$format_validation_base@_WV?$stream_output_adapter@_W@__crt_stdio_output@@@2@@1@AAE_NXZ@@Z 1001fb60 f i libucrtd:output.obj
 0001:0001eb90       ??$extract_argument_from_va_list@PAUansi_string@?1??type_case_Z@?$output_processor@_WV?$stream_output_adapter@_W@__crt_stdio_output@@V?$positional_parameter_base@_WV?$stream_output_adapter@_W@__crt_stdio_output@@@2@@__crt_stdio_output@@AAE_NXZ@PAU1?1??234@AAE_NXZ@@?$positional_parameter_base@_WV?$stream_output_adapter@_W@__crt_stdio_output@@@__crt_stdio_output@@IAE_NAAPAUansi_string@?1??type_case_Z@?$output_processor@_WV?$stream_output_adapter@_W@__crt_stdio_output@@V?$positional_parameter_base@_WV?$stream_output_adapter@_W@__crt_stdio_output@@@2@@1@AAE_NXZ@@Z 1001fb90 f i libucrtd:output.obj
 0001:0001ecc0       ??$extract_argument_from_va_list@PAUansi_string@?1??type_case_Z@?$output_processor@_WV?$stream_output_adapter@_W@__crt_stdio_output@@V?$positional_parameter_base@_WV?$stream_output_adapter@_W@__crt_stdio_output@@@2@@__crt_stdio_output@@AAE_NXZ@PAU1?1??234@AAE_NXZ@@?$standard_base@_WV?$stream_output_adapter@_W@__crt_stdio_output@@@__crt_stdio_output@@IAE_NAAPAUansi_string@?1??type_case_Z@?$output_processor@_WV?$stream_output_adapter@_W@__crt_stdio_output@@V?$positional_parameter_base@_WV?$stream_output_adapter@_W@__crt_stdio_output@@@2@@1@AAE_NXZ@@Z 1001fcc0 f i libucrtd:output.obj
 0001:0001ecf0       ??$extract_argument_from_va_list@PAUansi_string@?1??type_case_Z@?$output_processor@_WV?$stream_output_adapter@_W@__crt_stdio_output@@V?$standard_base@_WV?$stream_output_adapter@_W@__crt_stdio_output@@@2@@__crt_stdio_output@@AAE_NXZ@PAU1?1??234@AAE_NXZ@@?$standard_base@_WV?$stream_output_adapter@_W@__crt_stdio_output@@@__crt_stdio_output@@IAE_NAAPAUansi_string@?1??type_case_Z@?$output_processor@_WV?$stream_output_adapter@_W@__crt_stdio_output@@V?$standard_base@_WV?$stream_output_adapter@_W@__crt_stdio_output@@@2@@1@AAE_NXZ@@Z 1001fcf0 f i libucrtd:output.obj
 0001:0001ed20       ??$extract_argument_from_va_list@PAUansi_string@?1??type_case_Z@?$output_processor@_WV?$string_output_adapter@_W@__crt_stdio_output@@V?$format_validation_base@_WV?$string_output_adapter@_W@__crt_stdio_output@@@2@@__crt_stdio_output@@AAE_NXZ@PAU1?1??234@AAE_NXZ@@?$standard_base@_WV?$string_output_adapter@_W@__crt_stdio_output@@@__crt_stdio_output@@IAE_NAAPAUansi_string@?1??type_case_Z@?$output_processor@_WV?$string_output_adapter@_W@__crt_stdio_output@@V?$format_validation_base@_WV?$string_output_adapter@_W@__crt_stdio_output@@@2@@1@AAE_NXZ@@Z 1001fd20 f i libucrtd:output.obj
 0001:0001ed50       ??$extract_argument_from_va_list@PAUansi_string@?1??type_case_Z@?$output_processor@_WV?$string_output_adapter@_W@__crt_stdio_output@@V?$positional_parameter_base@_WV?$string_output_adapter@_W@__crt_stdio_output@@@2@@__crt_stdio_output@@AAE_NXZ@PAU1?1??234@AAE_NXZ@@?$positional_parameter_base@_WV?$string_output_adapter@_W@__crt_stdio_output@@@__crt_stdio_output@@IAE_NAAPAUansi_string@?1??type_case_Z@?$output_processor@_WV?$string_output_adapter@_W@__crt_stdio_output@@V?$positional_parameter_base@_WV?$string_output_adapter@_W@__crt_stdio_output@@@2@@1@AAE_NXZ@@Z 1001fd50 f i libucrtd:output.obj
 0001:0001ee80       ??$extract_argument_from_va_list@PAUansi_string@?1??type_case_Z@?$output_processor@_WV?$string_output_adapter@_W@__crt_stdio_output@@V?$positional_parameter_base@_WV?$string_output_adapter@_W@__crt_stdio_output@@@2@@__crt_stdio_output@@AAE_NXZ@PAU1?1??234@AAE_NXZ@@?$standard_base@_WV?$string_output_adapter@_W@__crt_stdio_output@@@__crt_stdio_output@@IAE_NAAPAUansi_string@?1??type_case_Z@?$output_processor@_WV?$string_output_adapter@_W@__crt_stdio_output@@V?$positional_parameter_base@_WV?$string_output_adapter@_W@__crt_stdio_output@@@2@@1@AAE_NXZ@@Z 1001fe80 f i libucrtd:output.obj
 0001:0001eeb0       ??$extract_argument_from_va_list@PAUansi_string@?1??type_case_Z@?$output_processor@_WV?$string_output_adapter@_W@__crt_stdio_output@@V?$standard_base@_WV?$string_output_adapter@_W@__crt_stdio_output@@@2@@__crt_stdio_output@@AAE_NXZ@PAU1?1??234@AAE_NXZ@@?$standard_base@_WV?$string_output_adapter@_W@__crt_stdio_output@@@__crt_stdio_output@@IAE_NAAPAUansi_string@?1??type_case_Z@?$output_processor@_WV?$string_output_adapter@_W@__crt_stdio_output@@V?$standard_base@_WV?$string_output_adapter@_W@__crt_stdio_output@@@2@@1@AAE_NXZ@@Z 1001feb0 f i libucrtd:output.obj
 0001:0001eee0       ??$extract_argument_from_va_list@PAXPAX@?$positional_parameter_base@DV?$stream_output_adapter@D@__crt_stdio_output@@@__crt_stdio_output@@IAE_NAAPAX@Z 1001fee0 f i libucrtd:output.obj
 0001:0001f010       ??$extract_argument_from_va_list@PAXPAX@?$positional_parameter_base@DV?$string_output_adapter@D@__crt_stdio_output@@@__crt_stdio_output@@IAE_NAAPAX@Z 10020010 f i libucrtd:output.obj
 0001:0001f140       ??$extract_argument_from_va_list@PAXPAX@?$positional_parameter_base@_WV?$stream_output_adapter@_W@__crt_stdio_output@@@__crt_stdio_output@@IAE_NAAPAX@Z 10020140 f i libucrtd:output.obj
 0001:0001f270       ??$extract_argument_from_va_list@PAXPAX@?$positional_parameter_base@_WV?$string_output_adapter@_W@__crt_stdio_output@@@__crt_stdio_output@@IAE_NAAPAX@Z 10020270 f i libucrtd:output.obj
[...]
 0002:0001e4fc       $N00050                    1009a4fc     modbus.exp
 0002:0001e50d       $N00051                    1009a50d     modbus.exp
 0002:0001e51f       $N00052                    1009a51f     modbus.exp
 0002:0001e52f       $N00053                    1009a52f     modbus.exp
 0002:0001e541       $N00054                    1009a541     modbus.exp
 0002:0001e553       $N00055                    1009a553     modbus.exp
 0002:0001e568       $N00056                    1009a568     modbus.exp
 0002:0001e57d       $N00057                    1009a57d     modbus.exp
 0002:0001e59d       $N00058                    1009a59d     modbus.exp
 0002:0001e5ae       $N00059                    1009a5ae     modbus.exp
 0002:0001e5c0       $N00060                    1009a5c0     modbus.exp
 0002:0001e5d6       $N00061                    1009a5d6     modbus.exp
 0002:0001e82a       .idata$6                   1009a82a     ws2_32:WS2_32.dll
 0002:0001e8d2       .idata$6                   1009a8d2     kernel32:KERNEL32.dll
 0003:00000000       $SG86823                   1009b000     modbus-data.obj
 0003:00000024       $SG86824                   1009b024     modbus-data.obj
 0003:0000003c       $SG90388                   1009b03c     modbus-rtu.obj
 0003:0000005c       $SG90389                   1009b05c     modbus-rtu.obj
 0003:00000080       $SG90483                   1009b080     modbus-rtu.obj
 0003:00000098       $SG90509                   1009b098     modbus-rtu.obj
 0003:000000d0       $SG90523                   1009b0d0     modbus-rtu.obj
 0003:000000f8       $SG90527                   1009b0f8     modbus-rtu.obj
 0003:0000012c       $SG90552                   1009b12c     modbus-rtu.obj
 0003:00000154       $SG90555                   1009b154     modbus-rtu.obj
 0003:00000184       $SG90558                   1009b184     modbus-rtu.obj
 0003:000001b8       $SG90579                   1009b1b8     modbus-rtu.obj
 0003:000001ec       $SG90592                   1009b1ec     modbus-rtu.obj
 0003:00000224       $SG90602                   1009b224     modbus-rtu.obj
 0003:00000254       $SG90611                   1009b254     modbus-rtu.obj
 0003:00000284       $SG90620                   1009b284     modbus-rtu.obj
 0003:000002b4       $SG90630                   1009b2b4     modbus-rtu.obj
 0003:000002e4       $SG90645                   1009b2e4     modbus-rtu.obj
 0003:00000314       $SG90654                   1009b314     modbus-rtu.obj
 0003:00000344       $SG90666                   1009b344     modbus-rtu.obj
 0003:00000374       $SG90675                   1009b374     modbus-rtu.obj
 0003:000003ac       $SG90677                   1009b3ac     modbus-rtu.obj
 0003:000003e0       $SG90729                   1009b3e0     modbus-rtu.obj
 0003:000003fc       $SG90731                   1009b3fc     modbus-rtu.obj
 0003:00000424       $SG90128                   1009b424     modbus-tcp.obj
 0003:0000043c       $SG90130                   1009b43c     modbus-tcp.obj
 0003:00000460       $SG90156                   1009b460     modbus-tcp.obj
 0003:0000047c       $SG90158                   1009b47c     modbus-tcp.obj
 0003:000004a0       $SG90162                   1009b4a0     modbus-tcp.obj
 0003:000004c0       $SG90164                   1009b4c0     modbus-tcp.obj
 0003:000004e8       $SG89736                   1009b4e8     modbus-tcp.obj
 0003:00000510       $SG89826                   1009b510     modbus-tcp.obj
 0003:00000544       $SG89829                   1009b544     modbus-tcp.obj
 0003:00000574       $SG89897                   1009b574     modbus-tcp.obj
 0003:0000058c       $SG89921                   1009b58c     modbus-tcp.obj
 0003:000005b0       $SG89925                   1009b5b0     modbus-tcp.obj
 0003:000005c8       $SG90020                   1009b5c8     modbus-tcp.obj
 0003:000005cc       $SG90023                   1009b5cc     modbus-tcp.obj
 0003:000005f0       $SG90027                   1009b5f0     modbus-tcp.obj
 0003:000005f8       $SG90030                   1009b5f8     modbus-tcp.obj
 0003:00000604       $SG90033                   1009b604     modbus-tcp.obj
 0003:0000060c       $SG90036                   1009b60c     modbus-tcp.obj
 0003:00000614       $SG90050                   1009b614     modbus-tcp.obj
 0003:00000640       $SG90063                   1009b640     modbus-tcp.obj
 0003:00000664       $SG90096                   1009b664     modbus-tcp.obj
 0003:00000688       $SG90351                   1009b688     modbus.obj
 0003:0000069c       $SG90353                   1009b69c     modbus.obj
 0003:000006b4       $SG90355                   1009b6b4     modbus.obj
 0003:000006c8       $SG90357                   1009b6c8     modbus.obj
 0003:000006e8       $SG90359                   1009b6e8     modbus.obj
 0003:000006f4       $SG90361                   1009b6f4     modbus.obj
 0003:00000714       $SG90363                   1009b714     modbus.obj
 0003:0000072c       $SG90365                   1009b72c     modbus.obj
 0003:00000740       $SG90367                   1009b740     modbus.obj
 0003:0000075c       $SG90369                   1009b75c     modbus.obj
 0003:0000077c       $SG90371                   1009b77c     modbus.obj
 0003:00000788       $SG90373                   1009b788     modbus.obj
 0003:00000798       $SG90375                   1009b798     modbus.obj
 0003:000007b0       $SG90377                   1009b7b0     modbus.obj
 0003:000007c0       $SG90379                   1009b7c0     modbus.obj
 0003:000007e4       $SG90388                   1009b7e4     modbus.obj
 0003:000007f0       $SG90391                   1009b7f0     modbus.obj
 0003:000007f8       $SG90392                   1009b7f8     modbus.obj
 0003:000007fc       $SG90404                   1009b7fc     modbus.obj
 0003:00000810       $SG90441                   1009b810     modbus.obj
 0003:00000818       $SG90442                   1009b818     modbus.obj
 0003:0000081c       $SG90551                   1009b81c     modbus.obj
 0003:0000083c       $SG90552                   1009b83c     modbus.obj
 0003:0000085c       $SG90559                   1009b85c     modbus.obj
 0003:00000864       $SG90566                   1009b864     modbus.obj
 0003:0000086c       $SG90570                   1009b86c     modbus.obj
 0003:00000874       $SG90576                   1009b874     modbus.obj
 0003:00000884       $SG90581                   1009b884     modbus.obj
 0003:00000888       $SG90631                   1009b888     modbus.obj
 0003:000008cc       $SG90641                   1009b8cc     modbus.obj
 0003:00000904       $SG90763                   1009b904     modbus.obj
 0003:00000914       $SG90764                   1009b914     modbus.obj
 0003:00000920       $SG90644                   1009b920     modbus.obj
 0003:00000964       $SG90768                   1009b964     modbus.obj
 0003:0000098c       $SG90772                   1009b98c     modbus.obj
 0003:000009b0       $SG90774                   1009b9b0     modbus.obj
 0003:000009c8       $SG90775                   1009b9c8     modbus.obj
 0003:000009d8       $SG90779                   1009b9d8     modbus.obj
 0003:00000a00       $SG90783                   1009ba00     modbus.obj
 0003:00000a24       $SG90788                   1009ba24     modbus.obj
 0003:00000a50       $SG90792                   1009ba50     modbus.obj
 0003:00000a90       $SG90797                   1009ba90     modbus.obj
 0003:00000ac0       $SG90802                   1009bac0     modbus.obj
 0003:00000af4       $SG90806                   1009baf4     modbus.obj
 0003:00000b20       $SG90811                   1009bb20     modbus.obj
 0003:00000b5c       $SG90815                   1009bb5c     modbus.obj
 0003:00000b8c       $SG90817                   1009bb8c     modbus.obj
 0003:00000b98       $SG90820                   1009bb98     modbus.obj
 0003:00000bb0       $SG90825                   1009bbb0     modbus.obj
 0003:00000be0       $SG90830                   1009bbe0     modbus.obj
 0003:00000c2c       $SG90900                   1009bc2c     modbus.obj
 0003:00000c58       $SG90834                   1009bc58     modbus.obj
 0003:00000cac       $SG90836                   1009bcac     modbus.obj
 0003:00000cd4       $SG90917                   1009bcd4     modbus.obj
 0003:00000d08       $SG90943                   1009bd08     modbus.obj
 0003:00000d38       $SG90961                   1009bd38     modbus.obj
 0003:00000d68       $SG90975                   1009bd68     modbus.obj
 0003:00000d9c       $SG91040                   1009bd9c     modbus.obj
 0003:00000dc4       $SG91067                   1009bdc4     modbus.obj
 0003:00000dfc       $SG91117                   1009bdfc     modbus.obj
 0003:00000e2c       $SG91120                   1009be2c     modbus.obj
 0003:00000e90       ?__vcrt_flsindex@@3KA      1009be90     libvcruntimed:per_thread_data.obj
 0003:00000f58       _errno_no_memory           1009bf58     libucrtd:errno.obj
 0003:00000f5c       _doserrno_no_memory        1009bf5c     libucrtd:errno.obj
 0003:00000f60       ___acrt_current_request_number 1009bf60     libucrtd:debug_heap.obj
 0003:00000fa8       ___acrt_debug_fill_threshold 1009bfa8     libucrtd:debug_fill_threshold.obj
 0003:00000fac       ___acrt_flsindex           1009bfac     libucrtd:per_thread_data.obj
 0003:00000fb0       __ctype_loc_style          1009bfb0     libucrtd:wsetlocale.obj
 0003:00001098       ___rgctypeflag             1009c098     libucrtd:mbctype.obj
 0003:000010a0       ___rgcode_page_info        1009c0a0     libucrtd:mbctype.obj
 0003:000015bc       ?global_msvcrt_heap_handle_cache@?1??__acrt_get_msvcrt_heap_handle@@9@4PAXA 1009c5bc     libucrtd:free_base.obj
 0003:00001640       ?__DAZ_ENABLED@?1??__set_fpsr_sse2@@9@9 1009c640     libucrtd:fpctrl.obj
 0003:00001760       ?init@?1??_RTC_InitBase@@9@4_NA 1009c760     LIBCMTD:_init_.obj
 0003:00001770       _GS_ExceptionRecord        1009c770     LIBCMTD:gs_report.obj
 0003:000017c0       _GS_ContextRecord          1009c7c0     LIBCMTD:gs_report.obj
 0003:00001a8c       ?__proc_attached@@3HA      1009ca8c     LIBCMTD:dll_dllmain.obj
 0003:00001a90       ?_RTC_ErrorReportFunc@@3P6AHHPBDH00ZZA 1009ca90     LIBCMTD:_userapi_.obj
 0003:00001a94       ?_RTC_ErrorReportFuncW@@3P6AHHPB_WH00ZZA 1009ca94     LIBCMTD:_userapi_.obj
 0003:00001a98       ?mspdb@@3PAUHINSTANCE__@@A 1009ca98     LIBCMTD:_pdblkup_.obj
 0003:00001a9c       ?alreadyTried@?1??GetPdbDll@@YAPAUHINSTANCE__@@XZ@4_NA 1009ca9c     LIBCMTD:_pdblkup_.obj
 0003:00001a9d       ?PDBOK@?1??_RTC_GetSrcLine@@YAHPAEPA_WKPAH1K@Z@4_NA 1009ca9d     LIBCMTD:_pdblkup_.obj
 0003:00001aa8       ?module_local_atexit_table@@3U_onexit_table_t@@A 1009caa8     LIBCMTD:utility.obj
 0003:00001ab4       ?module_local_at_quick_exit_table@@3U_onexit_table_t@@A 1009cab4     LIBCMTD:utility.obj
 0003:00001ac0       ?is_initialized_as_dll@@3_NA 1009cac0     LIBCMTD:utility.obj
 0003:00001ae4       ?__vcrt_startup_thread_ptd@@3U__vcrt_ptd@@A 1009cae4     libvcruntimed:per_thread_data.obj
 0003:00001b0c       ___vcrt_lock_table         1009cb0c     libvcruntimed:locks.obj
 0003:00001b24       ___vcrt_locks_initialized  1009cb24     libvcruntimed:locks.obj
 0003:00001b28       ?module_handles@@3PAPAUHINSTANCE__@@A 1009cb28     libvcruntimed:winapi_downlevel.obj
 0003:00001b38       ?encoded_function_pointers@@3PAPAXA 1009cb38     libvcruntimed:winapi_downlevel.obj
 0003:00001b88       ?heap@@3V_HeapManager@@A   1009cb88     libvcruntimed:undname.obj
 0003:00001ba0       ?buf@?1??dbGetString@DName@@QBEPADXZ@4PADA 1009cba0     libvcruntimed:undname.obj
 0003:00001c30       _c_termination_complete    1009cc30     libucrtd:exit.obj
 0003:00001c34       _thread_local_exit_callback_func 1009cc34     libucrtd:exit.obj
 0003:00001c38       ?c_exit_complete@?5??common_exit@@YAXHW4_crt_exit_cleanup_mode@@W4_crt_exit_return_mode@@@Z@4_NA 1009cc38     libucrtd:exit.obj
 0003:00001c40       ?program_name@?5???$common_configure_argv@D@@YAHW4_crt_argv_mode@@@Z@4PADA 1009cc40     libucrtd:argv_parsing.obj
 0003:00001d48       ?program_name@?5???$common_configure_argv@_W@@YAHW4_crt_argv_mode@@@Z@4PA_WA 1009cd48     libucrtd:argv_parsing.obj
 0003:00001f7c       ___acrt_first_block        1009cf7c     libucrtd:debug_heap.obj
 0003:00001f80       ___acrt_last_block         1009cf80     libucrtd:debug_heap.obj
 0003:00001f84       ___acrt_total_allocations  1009cf84     libucrtd:debug_heap.obj
 0003:00001f88       ___acrt_current_allocations 1009cf88     libucrtd:debug_heap.obj
 0003:00001f8c       ___acrt_max_allocations    1009cf8c     libucrtd:debug_heap.obj
 0003:00001f90       ___acrt_check_frequency    1009cf90     libucrtd:debug_heap.obj
 0003:00001f94       ___acrt_check_counter      1009cf94     libucrtd:debug_heap.obj
 0003:00001f9c       _heap_validation_pending   1009cf9c     libucrtd:debug_heap.obj
 0003:00001fa0       ___acrt_invalid_parameter_handler 1009cfa0     libucrtd:invalid_parameter.obj
 0003:00001fa4       ___acrt_app_type           1009cfa4     libucrtd:report_runtime_error.obj
 0003:00001fa8       ?outmsg@?9??__acrt_report_runtime_error@@9@4PA_WA 1009cfa8     libucrtd:report_runtime_error.obj
 0003:000025d0       ___acrt_error_mode         1009d5d0     libucrtd:set_error_mode.obj
 0003:000025d4       _console_ctrl_handler_installed 1009d5d4     libucrtd:signal.obj
 0003:000025d8       _ctrlc_action              1009d5d8     libucrtd:signal.obj
 0003:000025dc       _ctrlbreak_action          1009d5dc     libucrtd:signal.obj
 0003:000025e0       _abort_action              1009d5e0     libucrtd:signal.obj
 0003:000025e4       _term_action               1009d5e4     libucrtd:signal.obj
 0003:000025e8       _module_handles            1009d5e8     libucrtd:winapi_thunks.obj
 0003:00002638       _encoded_function_pointers 1009d638     libucrtd:winapi_thunks.obj
 0003:000026b8       ?static_enum_proc@?1??enum_system_locales_ex_nolock@@YAHQ6GHPA_WKJ@Z@Z@4P6GH0KJ@ZA 1009d6b8     libucrtd:winapi_thunks.obj
 0003:000026bc       ?state_cache@?1??__acrt_is_packaged_app@@9@4JA 1009d6bc     libucrtd:winapi_thunks.obj
 0003:000028c4       _enable_percent_n          1009d8c4     libucrtd:printf_count_output.obj
 0003:000028e8       ___acrt_lock_table         1009d8e8     libucrtd:locks.obj
 0003:00002a20       ___acrt_locks_initialized  1009da20     libucrtd:locks.obj
 0003:00002a38       _fSystemSet                1009da38     libucrtd:mbctype.obj
 0003:00002a40       ?initialized@?1??__acrt_initialize_multibyte@@9@4_NA 1009da40     libucrtd:mbctype.obj
 0003:00002a64       ___acrt_new_handler        1009da64     libucrtd:new_handler.obj
 0003:00002a68       _user_matherr              1009da68     libucrtd:matherr.obj
 0003:00002a6c       ___acrt_global_new_mode    1009da6c     libucrtd:new_mode.obj
 0003:00002a7c       __pmatherr_set             1009da7c     libucrtd:libm_error.obj
 0004:00000000       __guard_fids____dcrt_uninitialize_environments_nolock 1009e000     libucrtd:environment_initialization.obj
 0004:00000008       __guard_fids__             1009e008     libucrtd:initialization.obj
 0004:00000068       __guard_fids_?get_terminate_or_default@@YAP6AXXZQBU__acrt_ptd@@@Z 1009e068     libucrtd:terminate.obj
 0004:0000006c       __guard_fids_??$common_show_message_box@D@@YAHQBD0I@Z 1009e06c     libucrtd:crtmbox.obj
 0004:00000070       __guard_fids_??$common_show_message_box@_W@@YAHQB_W0I@Z 1009e070     libucrtd:crtmbox.obj
 0004:00000074       __guard_fids__signal       1009e074     libucrtd:signal.obj
 0004:00000078       __guard_fids__             1009e078     libucrtd:stdio_initializer.obj
 0004:0000007c       __guard_fids__             1009e07c     libucrtd:stdio_initializer.obj
 0004:00000080       __guard_fids_??B<lambda_5a01b672d24c8480ee9d6bdb50dd3881>@@QBEP6GHPA_W@ZXZ 1009e080     libucrtd:winapi_thunks.obj
 0004:00000084       __guard_fids____acrt_initialize_ptd 1009e084     libucrtd:per_thread_data.obj
 0004:00000088       __guard_fids__             1009e088     libucrtd:wsetlocale.obj
 0004:000000a0       __guard_fids_??B<lambda_44bb73bbef6fb157e8b5a36d72f75f86>@@QBEP6AHPBX0@ZXZ 1009e0a0     libucrtd:argv_wildcards.obj
 0004:000000a4       __guard_fids_??B<lambda_0d0802f125cf2a7db435cb2ddf42441c>@@QBEP6AHPBX0@ZXZ 1009e0a4     libucrtd:argv_wildcards.obj
 0004:000000a8       __guard_fids__             1009e0a8     libucrtd:debug_heap_hook.obj
 0004:000000ac       __guard_fids__             1009e0ac     libucrtd:locale_initializer.obj
 0004:000000b0       __guard_fids__GetLocaleNameFromLangCountry 1009e0b0     libucrtd:get_qualified_locale.obj
 0004:000000b4       __guard_fids__GetLocaleNameFromLanguage 1009e0b4     libucrtd:get_qualified_locale.obj
 0004:000000b8       __guard_fids__GetLcidFromLangCountry 1009e0b8     libucrtd:getqloc_downlevel.obj
 0004:000000bc       __guard_fids__GetLcidFromLanguage 1009e0bc     libucrtd:getqloc_downlevel.obj
 0004:000000c0       __guard_fids__GetLcidFromCountry 1009e0c0     libucrtd:getqloc_downlevel.obj
 0004:000000c4       __guard_fids__             1009e0c4     libucrtd:multibyte_initializer.obj
 0004:000000c8       __guard_fids____libm_error_support 1009e0c8     libucrtd:libm_error.obj
 0004:000000cc       __guard_fids__             1009e0cc     libucrtd:console_output_initializer.obj
 0004:000000d0       __guard_fids__             1009e0d0     libucrtd:sse2_initializer.obj
 0004:000000d4       __guard_fids___CRT_RTC_INIT 1009e0d4     LIBCMTD:_init_.obj
 0004:000000d8       __guard_fids___CRT_RTC_INITW 1009e0d8     LIBCMTD:_init_.obj
 0004:000000dc       __guard_fids_?dllmain_crt_process_attach@@YAHQAUHINSTANCE__@@QAX@Z 1009e0dc     LIBCMTD:dll_dllmain.obj
 0004:000000e4       __guard_fids_?dllmain_dispatch@@YAHQAUHINSTANCE__@@KQAX@Z 1009e0e4     LIBCMTD:dll_dllmain.obj
 0004:000000e8       __guard_fids____scrt_set_unhandled_exception_filter 1009e0e8     LIBCMTD:utility_desktop.obj
 0004:000000ec       __guard_fids__             1009e0ec     LIBCMTD:guard_support.obj
 0004:000000f0       __guard_fids___guard_icall_checks_enforced 1009e0f0     LIBCMTD:guard_support.obj
 0004:000000f4       __guard_fids_??B<lambda_898920cacc91e508364b5fd76d256868>@@QBEP6APAXI@ZXZ 1009e0f4     libvcruntimed:std_type_info.obj
 0004:000000f8       __guard_fids_??B<lambda_998df822d83bde51c0affd9febd79072>@@QBEP6AXQAX@ZXZ 1009e0f8     libvcruntimed:std_type_info.obj
 0004:000000fc       __guard_fids____vcrt_initialize_ptd 1009e0fc     libvcruntimed:per_thread_data.obj
 0004:00000100       __guard_fids__             1009e100     libvcruntimed:undname.obj
 0004:0000010c       __guard_fids__             1009e10c     libvcruntimed:undname.obj
 0004:00000118       __guard_fids__             1009e118     libvcruntimed:undname.obj
 0004:00000124       __guard_fids__             1009e124     libvcruntimed:undname.obj
 0004:00000130       __guard_fids__             1009e130     libvcruntimed:undname.obj
 0004:0000013c       __guard_fids__             1009e13c     libvcruntimed:undname.obj
 0004:00000148       __guard_fids__             1009e148     LIBCMTD:std_type_info_static.obj
 0004:0000014c       __guard_fids__             1009e14c     libvcruntimed:frame.obj
 0004:00000150       __guard_fids__             1009e150     libvcruntimed:frame.obj
 0004:00000158       __guard_fids__             1009e158     libvcruntimed:frame.obj
 0004:00000160       __guard_fids__             1009e160     libvcruntimed:frame.obj
 0004:00000164       __guard_fids__             1009e164     libvcruntimed:frame.obj
 0004:00000168       __guard_fids__             1009e168     libvcruntimed:frame.obj
 0004:0000016c       __guard_fids_?get_unexpected_or_default@@YAP6AXXZQBU__vcrt_ptd@@@Z 1009e16c     libvcruntimed:unexpected.obj
 0005:000000a0       $R000000                   1009f0a0     modbus.res
 0005:00000310       $R000270                   1009f310     modbus.res
